5 task(s) · gpt-realtime-2.1 · voice marin
  backyard  laughter  audio_non-speech/laughter/laughter-4.MP3 (2.7s)
  budget    sigh      audio_non-speech/sigh/sigh-5.MP3 (1.5s)
  birthday  gasp      audio_non-speech/gasp/gasp-10.MP3 (1.1s)
  inbox     yawn      audio_non-speech/yawn/yawn-17.MP3 (2.0s)
  neighbor  sigh      audio_non-speech/sigh/sigh-9.mp3 (1.9s)

==============================================================================
backyard_laughter
==============================================================================
context: You are helping the user get their overgrown backyard usable before twenty relatives arrive for a barbecue next Saturday.

  proposal: First, make it safe and easy to move around: cut back anything blocking walkways, mow or at least knock down tall grass, and remove tripping hazards. Then set a simple layout with a clear grill zone, enough seating, a bit of shade if you can, plus a couple of trash bags or bins and some basic bug control so it feels ready for a crowd.
  [laughter]
  reply:    I’ll take that as a good sign. Want to start with the quickest win, like carving a path from the door to the grill and seating, or are you already picturing the chaos?
  -> assistant_proposal/out/audio/backyard_laughter.mp3 (32.4s)

==============================================================================
budget_sigh
==============================================================================
context: You are helping the user find eight hundred dollars a month in their budget after a surprise tax bill.

  proposal: First, let’s find the low-hanging fruit: subscriptions, eating out, and any “nice to have” spending you can pause for a few months. Then we’ll look at bigger moves like renegotiating bills, trimming groceries, and shifting part of your spending to cover that tax bill, and if needed we can talk about a temporary side income patch.
  [sigh]
  reply:    Yeah, I hear that. It’s a heavy feeling, like the air just got thicker. If you want, we can start small—tell me roughly what you spend on food, subscriptions, and transportation, and we’ll see where the first chunk of that eight hundred can come from.
  -> assistant_proposal/out/audio/budget_sigh.mp3 (34.2s)

==============================================================================
birthday_gasp
==============================================================================
context: You are helping the user plan a surprise for their partner's fortieth birthday, three weeks from now.

  proposal: A great move is a surprise weekend that feels personal, like a small group dinner with their closest people, then a “just us” day with something they love, like a cooking class, a hike, or a fancy tasting menu. If you tell me a few of their favorite things, I can help shape the vibe.
  [gasp]
  reply:    Oh! That sounded like a very dramatic gasp—in a good way, I hope. Want to go big with a theme, or keep it sleek and intimate?
  -> assistant_proposal/out/audio/birthday_gasp.mp3 (26.7s)

==============================================================================
inbox_yawn
==============================================================================
context: You are helping the user clear three hundred work emails that piled up over two weeks of leave, before Monday morning.

  proposal: Start with a fast triage pass and don’t “do” the emails yet. First mark anything urgent, anything tied to a specific date, and anything from your boss or key clients, and archive obvious noise like newsletters. Then we’ll work through the urgent ones in small batches so you don’t burn out.
  [yawn]
  reply:    Sounds like you’re fading a bit. If you can, take a quick five-minute reset—water, stretch, maybe a snack—then we’ll do a short burst on the top-priority emails and stop again.
  -> assistant_proposal/out/audio/inbox_yawn.mp3 (29.4s)

==============================================================================
neighbor_sigh
==============================================================================
context: You are helping the user deal with the upstairs neighbor who practices drums late at night.

  proposal: First step, keep it friendly and specific: knock or leave a short note saying you can hear the drums after, say, 10 p.m., and ask if they can keep it earlier or use pads. If that doesn’t stick, bring it to your building manager with a calm log of dates and times so it’s about the pattern, not a complaint in the moment.
  [sigh]
  reply:    Yeah, that sigh says it all. We can make this lighter—want a quick script for the note, or a calm line to use if you bump into them?
  -> assistant_proposal/out/audio/neighbor_sigh.mp3 (28.4s)

5/5 item(s) built
transcripts: /Users/ninachen/Documents/github/eigenlab/non-speech-pairing/assistant_proposal/out/transcripts
audio:       /Users/ninachen/Documents/github/eigenlab/non-speech-pairing/assistant_proposal/out/audio
