5 task(s) · gpt-realtime-2.1 · voice marin · user turn: tease
  backyard  laughter  generated: "[laughs] <the line>"
  budget    laughter  generated: "[laughs] <the line>"
  birthday  laughter  generated: "[laughs] <the line>"
  inbox     laughter  generated: "[laughs] <the line>"
  neighbor  laughter  generated: "[laughs] <the line>"

==============================================================================
backyard_laughter_tease_wry
==============================================================================
context: You are helping the user get their overgrown backyard usable before twenty relatives arrive for a barbecue next Saturday.
    no laugh in the take ('Thanks a lot.', 2.32s vs 2.24s of words), re-rolling
    no laugh in the take ('Thanks a lot.', 2.80s vs 2.24s of words), re-rolling
    no laugh in the take ('Thanks a lot.', 1.92s vs 2.24s of words), re-rolling
    no laugh in the take ('Thanks a lot.', 1.84s vs 2.24s of words), re-rolling
    no laugh in the take ('Thanks a lot.', 2.24s vs 2.24s of words), re-rolling
    no laugh in the take ('Thanks a lot!', 1.92s vs 2.24s of words), re-rolling
  failed: RuntimeError: the laugh tag was ignored every time

==============================================================================
budget_laughter_tease_wry
==============================================================================
context: You are helping the user find eight hundred dollars a month in their budget after a surprise tax bill.
    no laugh in the take ('Oh, perfect.', 2.72s vs 2.48s of words), re-rolling
    no laugh in the take ('Oh, perfect.', 2.72s vs 2.48s of words), re-rolling

  proposal: First, let’s grab the biggest easy wins: pause or downgrade subscriptions and any “nice to have” spending for a month or two, and redirect that money to the bill. Then we’ll look at the bigger levers like housing, car costs, and debt payments to see what can be reduced, refinanced, or temporarily restructured to reach the full eight hundred.
  speaker:  Oh, perfect.
  reply:    Love it. If you can, tell me roughly what you’re spending each month on subscriptions, eating out, and anything “fun money,” and I’ll help you carve out a chunk fast. Then we can figure out where the rest of the eight hundred can come from without breaking your life.
  -> assistant_proposal/out/audio/budget_laughter_tease_wry.mp3 (38.8s)

==============================================================================
birthday_laughter_tease_wry
==============================================================================
context: You are helping the user plan a surprise for their partner's fortieth birthday, three weeks from now.

  proposal: A secret dinner with their favorite people, plus one unforgettable moment, like a short toast, a slideshow, or a silly “how we met you” story, usually lands beautifully at forty. Do you want it to feel intimate and cozy, or big and celebratory?
  speaker:  Wow. Great.
  reply:    Love that energy. If we pick a vibe, we can build around it—like a cozy dinner at a favorite restaurant, or a bigger bash with a theme and a playful highlight. What do you think fits them best?
  -> assistant_proposal/out/audio/birthday_laughter_tease_wry.mp3 (30.7s)

==============================================================================
inbox_laughter_tease_wry
==============================================================================
context: You are helping the user clear three hundred work emails that piled up over two weeks of leave, before Monday morning.

  proposal: We’ll triage fast: first sweep and mark anything urgent or from your boss, then bulk-archive newsletters and obvious FYI stuff, and then we’ll process the remaining messages in small batches. If you want, we can set a simple rule like “two minutes per email” to keep momentum.
  speaker:  Sure. Fantastic.
  reply:    Great. Open your inbox and tell me what you see at the top, like who it’s from and whether it looks urgent, and we’ll decide in a second whether it’s a quick reply, a delegate, or an archive.
  -> assistant_proposal/out/audio/inbox_laughter_tease_wry.mp3 (29.6s)

==============================================================================
neighbor_laughter_tease_wry
==============================================================================
context: You are helping the user deal with the upstairs neighbor who practices drums late at night.

  proposal: Start friendly and simple: a polite note or quick chat, something like, “Hey, I can hear the drums late at night—could we keep it down after quiet hours?” If that doesn’t stick, loop in your building manager and keep a short record of the times it happens. And for your own sanity, white noise or earplugs can help while it gets sorted out.
  speaker:  Well, that's just great.
  reply:    Yeah, I heard that. It can feel like a very “cool, thanks” situation when the noise keeps going. If you want, we can try a more specific plan, like what to say in a note or how to bring it up without making things awkward.
  -> assistant_proposal/out/audio/neighbor_laughter_tease_wry.mp3 (34.9s)

4/5 item(s) built
transcripts: /Users/ninachen/Documents/github/eigenlab/non-speech-pairing/assistant_proposal/out/transcripts
audio:       /Users/ninachen/Documents/github/eigenlab/non-speech-pairing/assistant_proposal/out/audio
