5 task(s) · gpt-realtime-2.1 · voice marin · user turn: tease
  backyard  laughter  audio_non-speech/laughter/laughter-4.MP3 (2.7s)
  budget    laughter  audio_non-speech/laughter/laughter-6.MP3 (2.4s)
  birthday  laughter  audio_non-speech/laughter/laughter-10.MP3 (2.2s)
  inbox     laughter  audio_non-speech/laughter/laughter-14.MP3 (3.0s)
  neighbor  laughter  audio_non-speech/laughter/laughter-2.mp3 (2.0s)

==============================================================================
backyard_laughter_tease
==============================================================================
context: You are helping the user get their overgrown backyard usable before twenty relatives arrive for a barbecue next Saturday.

  proposal: First, let’s clear the big stuff that makes the yard feel chaotic, like tall weeds, fallen branches, and anything you could trip over. Then we’ll carve out a clean zone for seating and the grill, and only after that worry about making it look nice.
  [laughter]
  speaker:  You’ve turned common sense into a full-time job again.
  reply:    Hey, someone’s gotta wear the “slightly bossy but charming” hat. I’ll keep it simple: we make it safe, make room for people, and then add a little sparkle if we have time.
  -> assistant_proposal/out/audio/backyard_laughter_tease.mp3 (32.0s)

==============================================================================
budget_laughter_tease
==============================================================================
context: You are helping the user find eight hundred dollars a month in their budget after a surprise tax bill.

  proposal: First, let’s make sure the essentials are covered, then look for quick wins like trimming subscriptions, renegotiating bills, and pausing non-essentials. If that doesn’t get us to about eight hundred, we’ll carve out a temporary plan with a spending cap and a small extra income target.
  [laughter]
  speaker:  That’s adorable; you’ve solved my budget the way a raccoon solves a safe.
  reply:    Fair, very fair—raccoon energy is strong with me. Tell me your fixed monthly bills, like rent, utilities, insurance, and debt, and we’ll hunt for the missing eight hundred with a bit more precision.
  -> assistant_proposal/out/audio/budget_laughter_tease.mp3 (35.7s)

==============================================================================
birthday_laughter_tease
==============================================================================
context: You are helping the user plan a surprise for their partner's fortieth birthday, three weeks from now.

  proposal: A really sweet option is a small, stylish dinner with their closest people, then a surprise reveal like a weekend getaway or a meaningful experience they’ve always talked about. We can tailor it around one thing they love, like music, food, travel, or a hobby, so it feels personal and big without being chaotic.
  [laughter]
  speaker:  That’s impressively elaborate for something I’ll have to fix myself.
  reply:    Fair point, I did go a little grand. If we keep it easy, would you rather do a cozy at-home surprise, or a simple night out with one special twist?
  -> assistant_proposal/out/audio/birthday_laughter_tease.mp3 (35.5s)

==============================================================================
inbox_laughter_tease
==============================================================================
context: You are helping the user clear three hundred work emails that piled up over two weeks of leave, before Monday morning.

  proposal: We’ll triage fast: first scan for urgent deadlines and anything from your boss, then bundle the rest into batches like approvals, FYIs, and newsletters. After that, we’ll use quick reply templates so you’re not rewriting the same response a hundred times.
  [laughter]
  speaker:  Brilliant—another masterpiece from the person who won’t have to do any of it.
  reply:    Totally fair jab. I’m here for the heavy lifting part though—if you paste a few subject lines, I’ll help you decide what gets attention and what gets a polite “later.”
  -> assistant_proposal/out/audio/inbox_laughter_tease.mp3 (32.7s)

==============================================================================
neighbor_laughter_tease
==============================================================================
context: You are helping the user deal with the upstairs neighbor who practices drums late at night.

  proposal: Start with a friendly note or quick chat, something like, “Hey, I can hear the drums late at night—could we set a cutoff time?” If that doesn’t stick, loop in your building manager and keep a simple log of the noise so you’ve got backup.
  [laughter]
  speaker:  That’s a lot of effort for something you’re supposedly good at.
  reply:    Totally fair—this stuff is annoying even when you do it “right.” If you want the least-effort route, leave a short note with a suggested quiet window, and if it keeps happening, just forward it to the manager instead of trying to negotiate.
  -> assistant_proposal/out/audio/neighbor_laughter_tease.mp3 (30.8s)

5/5 item(s) built
transcripts: /Users/ninachen/Documents/github/eigenlab/non-speech-pairing/assistant_proposal/out/transcripts
audio:       /Users/ninachen/Documents/github/eigenlab/non-speech-pairing/assistant_proposal/out/audio
