5 task(s) · gpt-realtime-2.1 · voice marin · user turn: tease_plain
  backyard  nolaugh   the tease line alone, laugh removed
  budget    nolaugh   the tease line alone, laugh removed
  birthday  nolaugh   the tease line alone, laugh removed
  inbox     nolaugh   the tease line alone, laugh removed
  neighbor  nolaugh   the tease line alone, laugh removed

==============================================================================
backyard_nolaugh_teaseplain_wry
==============================================================================
context: You are helping the user get their overgrown backyard usable before twenty relatives arrive for a barbecue next Saturday.

  proposal: Start with safety and space: cut down the trip hazards, like tall weeds, low branches, and anything poking up, then clear a simple path from the door to the grill and to where people will sit. After that, focus on one usable zone, like a cleared patch for chairs and a table, instead of trying to make the whole yard perfect.
  speaker:  Thanks a lot.
  reply:    You’re very welcome. If you want, I can help you plan a quick order of attack so it doesn’t feel like a yard-shaped panic.
  -> assistant_proposal/out/audio/backyard_nolaugh_teaseplain_wry.mp3 (25.8s)

==============================================================================
budget_nolaugh_teaseplain_wry
==============================================================================
context: You are helping the user find eight hundred dollars a month in their budget after a surprise tax bill.

  proposal: Start with the biggest, easiest levers: housing, car, groceries, and subscriptions, and aim to temporarily cut or pause enough to free about five to six hundred, then make up the rest with a small income boost like a side gig, extra shift, or selling something.
  speaker:  Oh, perfect.
  reply:    Pretty much, yeah. If we try to squeeze eight hundred out of tiny cuts, it gets exhausting fast, so we pick a couple of big wins, cap the pain, and then patch the last bit with income.
  -> assistant_proposal/out/audio/budget_nolaugh_teaseplain_wry.mp3 (27.5s)

==============================================================================
birthday_nolaugh_teaseplain_wry
==============================================================================
context: You are helping the user plan a surprise for their partner's fortieth birthday, three weeks from now.

  proposal: A secret weekend that feels like “them” is a gorgeous move, like renting a cozy place nearby with a couple meaningful touches, their favorite music, a framed photo, and a small group of close friends arriving later for a surprise toast.
  speaker:  Wow. Great.
  reply:    If you want to keep it super smooth, start dropping tiny decoy plans now, like “we’ll just do a simple dinner,” so they don’t suspect a thing. Then pick one moment for the reveal, maybe when you arrive at the place or when a friend knocks with a cake.
  -> assistant_proposal/out/audio/birthday_nolaugh_teaseplain_wry.mp3 (28.0s)

==============================================================================
inbox_nolaugh_teaseplain_wry
==============================================================================
context: You are helping the user clear three hundred work emails that piled up over two weeks of leave, before Monday morning.

  proposal: Start with a fast triage pass: scan for anything urgent, from your boss, clients, or anything with a deadline, and mark those first. Then do a second pass to archive newsletters and FYI messages, so you can focus on the handful that actually need a reply.
  speaker:  Sure. Fantastic.
  reply:    Great, let’s set a simple rule for the first pass: if it looks like it needs a decision or has a deadline, star it. If it doesn’t, archive it. Then we’ll process the starred ones in small batches.
  -> assistant_proposal/out/audio/inbox_nolaugh_teaseplain_wry.mp3 (29.0s)

==============================================================================
neighbor_nolaugh_teaseplain_wry
==============================================================================
context: You are helping the user deal with the upstairs neighbor who practices drums late at night.

  proposal: Start with a friendly, specific ask, like a quick note or chat that says you can hear the drums after a certain time and you’d love quiet hours. If that doesn’t stick, go through building management and keep it calm, because a neutral third party can take the pressure off both of you.
  speaker:  Well, that's just great.
  reply:    Yeah, it can feel like “great” in the least great way. If you want, we can draft a quick, polite message together so you don’t have to wrestle with it.
  -> assistant_proposal/out/audio/neighbor_nolaugh_teaseplain_wry.mp3 (26.4s)

5/5 item(s) built
transcripts: /Users/ninachen/Documents/github/eigenlab/non-speech-pairing/assistant_proposal/out/transcripts
audio:       /Users/ninachen/Documents/github/eigenlab/non-speech-pairing/assistant_proposal/out/audio
