5 task(s) · gpt-realtime-2.1 · voice marin · user turn: lexical_first
  backyard  lexical   generated: "I don't want to do this, but..."
  budget    lexical   generated: "I don't want to do this, but..."
  birthday  lexical   generated: "I don't want to do this, but..."
  inbox     lexical   generated: "I don't want to do this, but..."
  neighbor  lexical   generated: "I don't want to do this, but..."

==============================================================================
backyard_lexical_words
==============================================================================
context: You are helping the user get their overgrown backyard usable before twenty relatives arrive for a barbecue next Saturday.

  proposal: First, clear a simple path to the grill and a safe seating area, then mow or trim just the spots people will actually use. After that, add quick seating with whatever chairs you have, put out a trash bag, and do a fast sweep for hazards like holes, loose bricks, or sharp debris.
  speaker:  I don't want to do this, but...
  speaker:  Okay, I'll do it.
  reply:    Totally fair to feel that way. Start with a small win: grab a bag and do a 10-minute hazard sweep for sticks, glass, and anything sharp, then stop and take a breath before the next step.
  -> assistant_proposal/out/audio/backyard_lexical_words.mp3 (34.1s)

==============================================================================
budget_lexical_words
==============================================================================
context: You are helping the user find eight hundred dollars a month in their budget after a surprise tax bill.

  proposal: Start with the big rocks first: housing, transportation, food, and debt payments, because that’s where we can usually carve out the biggest chunks. Before we get into tiny cuts, tell me roughly how much you’re spending in those areas each month.
  speaker:  I don't want to do this, but...
  speaker:  Okay, let's do it.
  reply:    Totally fair to feel that way—this is not fun, but we’ll keep it quick and focused. Start with housing: what’s your rent or mortgage, and is there anything like refinancing, downsizing, or a roommate even remotely possible?
  -> assistant_proposal/out/audio/budget_lexical_words.mp3 (31.7s)

==============================================================================
birthday_lexical_words
==============================================================================
context: You are helping the user plan a surprise for their partner's fortieth birthday, three weeks from now.

  proposal: A cozy but special plan is a small gathering with their favorite people, then a surprise reveal of something personal, like a photo book, a short toast, or a sweet video message. If you want, we can shape it around their style, whether that’s low-key, fancy, or a bit adventurous.
  speaker:  I don't want to do this, but...
  speaker:  Okay, let's do it.
  reply:    Totally fair to feel that way—this can be simple and still feel meaningful. If we keep it cozy, do you want a small dinner at home with a surprise video from friends, or a favorite restaurant with a short toast?
  -> assistant_proposal/out/audio/birthday_lexical_words.mp3 (33.1s)

==============================================================================
inbox_lexical_words
==============================================================================
context: You are helping the user clear three hundred work emails that piled up over two weeks of leave, before Monday morning.

  proposal: We’ll do a quick triage pass first: scan subject lines, senders, and flags, and mark anything urgent, time-sensitive, or from your boss. Then we’ll batch the rest: quick replies, delegate or forward, and newsletters or FYI stuff to archive fast.
  speaker:  I don't want to do this, but...
  speaker:  Okay, let's do it.
  reply:    Totally fair to feel that way. We’ll keep it painless: open your inbox, sort by unread or date, and we’ll skim the first twenty and only tag the ones that actually matter.
  -> assistant_proposal/out/audio/inbox_lexical_words.mp3 (29.9s)

==============================================================================
neighbor_lexical_words
==============================================================================
context: You are helping the user deal with the upstairs neighbor who practices drums late at night.

  proposal: First step is a calm, friendly chat, like, “Hey, I can hear the drums at night, could you wrap up by a certain time?” If that doesn’t stick, follow up with a written note and loop in your building manager so you’re not carrying it alone.
  speaker:  I don't want to do this, but...
  speaker:  Okay, I'll talk to them first.
  reply:    That makes sense, and you’re not being unreasonable. Keep it short and kind, and you can even say you’re trying to avoid involving management. That shows you’re being thoughtful, not confrontational.
  -> assistant_proposal/out/audio/neighbor_lexical_words.mp3 (28.1s)

5/5 item(s) built
transcripts: /Users/ninachen/Documents/github/eigenlab/non-speech-pairing/assistant_proposal/out/transcripts
audio:       /Users/ninachen/Documents/github/eigenlab/non-speech-pairing/assistant_proposal/out/audio
