5 task(s) · gpt-realtime-2.1 · voice marin · user turn: tease_plain
  dessert   nolaugh   the tease line alone, laugh removed
  weekend   nolaugh   the tease line alone, laugh removed
  skipday   nolaugh   the tease line alone, laugh removed
  splurge   nolaugh   the tease line alone, laugh removed
  latenight nolaugh   the tease line alone, laugh removed

==============================================================================
dessert_nolaugh_teaseplain_tempt2
==============================================================================
context: You are helping the user pick the most over-the-top dessert on the menu, after an already enormous dinner out.

  proposal: If we’re going for truly over-the-top, I say we lean into pure spectacle—something tall, dramatic, and probably slightly ridiculous. What’s the wildest dessert on the menu—like a massive sundae, a lava cake with ice cream, or anything with a sparkler vibe?
  speaker:  You're such a bad influence.
  reply:    I prefer “joy consultant,” personally. But yes, if there’s a dessert that looks like it should come with a warning label, I’m absolutely cheering for it.
  -> assistant_proposal/out/audio/dessert_nolaugh_teaseplain_tempt2.mp3 (29.0s)

==============================================================================
weekend_nolaugh_teaseplain_tempt2
==============================================================================
context: You are helping the user talk themselves into a last-minute weekend away, in a month when they had promised themselves they would save.

  proposal: I think we sneak in a tiny, budget-friendly escape. Like, pick one place, one treat, and keep everything else simple, so you get the refresh without detonating your savings plan.
  speaker:  You're going to get me in trouble.
  reply:    Only if we pretend it has to be expensive. Think of it as a controlled splurge: one night, a cheap train or drive, and a strict cap so you come back feeling smug, not stressed.
  -> assistant_proposal/out/audio/weekend_nolaugh_teaseplain_tempt2.mp3 (24.2s)

==============================================================================
skipday_nolaugh_teaseplain_tempt2
==============================================================================
context: You are helping the user plan a day of playing hooky tomorrow — they have already decided to skip work, and you are planning the day.

  proposal: Start with a slow morning, like coffee somewhere you never go and a walk with no destination. Then pick one treat-yourself thing, like a movie in the middle of the day, a museum, or a long lunch, and let the day stay deliciously unstructured.
  speaker:  You're terrible.
  reply:    Oof, fair hit. I can do better. Let’s make it more fun: start with a quiet breakfast somewhere cozy, then do one slightly mischievous thing, like a matinee, a long bike ride, or hopping between bookstores and dessert spots like you’ve got all the time in the world.
  -> assistant_proposal/out/audio/skipday_nolaugh_teaseplain_tempt2.mp3 (34.8s)

==============================================================================
splurge_nolaugh_teaseplain_tempt2
==============================================================================
context: You are helping the user justify buying the very expensive espresso machine they have been circling for months.

  proposal: I think it’s time to go for it. You’ve been circling this for months, and that’s usually not a whim—that’s a real desire for better coffee, a nicer routine, and a little daily joy that doesn’t vanish like a café line.
  speaker:  You're the worst.
  reply:    Oof, fair, I walked right into that. Still, if it’s been living in your head this long, it’s probably because your mornings want an upgrade, not because you enjoy torture.
  -> assistant_proposal/out/audio/splurge_nolaugh_teaseplain_tempt2.mp3 (24.6s)

==============================================================================
latenight_nolaugh_teaseplain_tempt2
==============================================================================
context: You are helping the user plan a spontaneous night out tonight, even though they have an early start in the morning.

  proposal: Go for a “small night out” vibe: pick one cozy spot with good snacks, have a drink, and leave while you’re still having fun. You’ll get the buzz of going out without the regret at sunrise.
  speaker:  I hate you.
  reply:    Okay, then let’s skip the bar and do something lighter. Grab a quick dessert or a fancy coffee, take a short walk somewhere with a nice view, then head home feeling like you did something without derailing your morning.
  -> assistant_proposal/out/audio/latenight_nolaugh_teaseplain_tempt2.mp3 (23.2s)

5/5 item(s) built
transcripts: /Users/ninachen/Documents/github/eigenlab/non-speech-pairing/assistant_proposal/out/transcripts
audio:       /Users/ninachen/Documents/github/eigenlab/non-speech-pairing/assistant_proposal/out/audio
