5 task(s) · gpt-realtime-2.1 · voice marin · user turn: tease_plain
  backyard  nolaugh   the tease line alone, laugh removed
  budget    nolaugh   the tease line alone, laugh removed
  birthday  nolaugh   the tease line alone, laugh removed
  inbox     nolaugh   the tease line alone, laugh removed
  neighbor  nolaugh   the tease line alone, laugh removed

==============================================================================
backyard_nolaugh_teaseplain
==============================================================================
context: You are helping the user get their overgrown backyard usable before twenty relatives arrive for a barbecue next Saturday.

  proposal: Start by clearing the big stuff first: fallen branches, trash, and anything blocking the main walking paths. Then do a quick mow and edge, and save detailed weeding and planting for later if time gets tight.
  speaker:  You’ve turned common sense into a full-time job again.
  reply:    Fair. I do have a talent for that. If you want the speed-run version, pick one zone people will actually use, like the patio and a path to it, and make that look intentional. Everything else can just be “in progress.”
  -> assistant_proposal/out/audio/backyard_nolaugh_teaseplain.mp3 (28.8s)

==============================================================================
budget_nolaugh_teaseplain
==============================================================================
context: You are helping the user find eight hundred dollars a month in their budget after a surprise tax bill.

  proposal: Start with the big levers: housing, car, insurance, and debt. If we can’t refinance, pause something, or downshift a payment, we’ll look at subscriptions, food delivery, and “nice to have” spending to carve out the rest. What’s the biggest monthly cost you feel even a little flexible about?
  speaker:  That’s adorable; you’ve solved my budget the way a raccoon solves a safe.
  reply:    Ha! Fair. I’m more “pry with a spoon” than “master locksmith.” But it works: we just need one or two chunky changes, then we can tidy the small stuff to reach that eight hundred.
  -> assistant_proposal/out/audio/budget_nolaugh_teaseplain.mp3 (35.4s)

==============================================================================
birthday_nolaugh_teaseplain
==============================================================================
context: You are helping the user plan a surprise for their partner's fortieth birthday, three weeks from now.

  proposal: We could go big with a weekend getaway or keep it local with a really thoughtful dinner and a surprise guest or two. Tell me their vibe—adventurous, cozy, glam—and roughly what you want to spend, and I’ll shape something that feels magical.
  speaker:  That’s impressively elaborate for something I’ll have to fix myself.
  reply:    Totally fair, we can keep this very fixable. How about a cozy at-home celebration with a themed dinner, a playlist, and one “wow” moment like a video from friends or a memory book?
  -> assistant_proposal/out/audio/birthday_nolaugh_teaseplain.mp3 (28.3s)

==============================================================================
inbox_nolaugh_teaseplain
==============================================================================
context: You are helping the user clear three hundred work emails that piled up over two weeks of leave, before Monday morning.

  proposal: Start with a fast triage pass where you don’t “do” the emails yet, you just mark them into buckets like urgent, waiting, quick reply, and newsletters. Then we’ll clear the quick replies first to build momentum, and only after that dive into the urgent threads and anything with deadlines.
  speaker:  Brilliant—another masterpiece from the person who won’t have to do any of it.
  reply:    Fair point, and honestly, totally fair. I’ll be your hands-free co-pilot—open the inbox, and I’ll help you decide the next move on each one quickly.
  -> assistant_proposal/out/audio/inbox_nolaugh_teaseplain.mp3 (29.8s)

==============================================================================
neighbor_nolaugh_teaseplain
==============================================================================
context: You are helping the user deal with the upstairs neighbor who practices drums late at night.

  proposal: I’d start with a friendly, calm chat, like, “Hey, I know you’re practicing, but it’s really loud late at night—could we set a cutoff time?” If that doesn’t stick, loop in your building manager and keep a simple log of when it happens.
  speaker:  That’s a lot of effort for something you’re supposedly good at.
  reply:    Fair point. Then let’s keep it light: send one simple text like, “Hey, it’s carrying through the floor after 10—could you stop by then?” and try white noise or earplugs in the meantime. If they keep going, you’ve already got a message you can show the manager.
  -> assistant_proposal/out/audio/neighbor_nolaugh_teaseplain.mp3 (31.1s)

5/5 item(s) built
transcripts: /Users/ninachen/Documents/github/eigenlab/non-speech-pairing/assistant_proposal/out/transcripts
audio:       /Users/ninachen/Documents/github/eigenlab/non-speech-pairing/assistant_proposal/out/audio
