5 task(s) · gpt-realtime-2.1 · voice marin · user turn: tease
  dessert   laughter  generated: "[laughs] <the line>"
  weekend   laughter  generated: "[laughs] <the line>"
  skipday   laughter  generated: "[laughs] <the line>"
  splurge   laughter  generated: "[laughs] <the line>"
  latenight laughter  generated: "[laughs] <the line>"

==============================================================================
dessert_laughter_tease_tempt2
==============================================================================
context: You are helping the user pick the most over-the-top dessert on the menu, after an already enormous dinner out.

  proposal: If we’re going big, we should go ridiculous. I’d say pick the most dramatic thing you see—like a giant sundae with multiple scoops, hot fudge, whipped cream, and something crunchy on top—so it feels like the grand finale of the whole feast.
  speaker:  You're such a bad influence.
  reply:    Guilty, and honestly a little proud of it. If there’s a chocolate lava cake with ice cream or some towering cake slice, that’s the kind of chaos we want.
  -> assistant_proposal/out/audio/dessert_laughter_tease_tempt2.mp3 (28.5s)

==============================================================================
weekend_laughter_tease_tempt2
==============================================================================
context: You are helping the user talk themselves into a last-minute weekend away, in a month when they had promised themselves they would save.

  proposal: We go anyway, but we do it cleverly. A cheap train, one night somewhere cozy, and a strict “no souvenir splurge” rule. It’s a reset weekend, not a budget betrayal.
  speaker:  You're going to get me in trouble.
  reply:    Only if we pretend it’s a shopping spree. This is a tiny, intentional escape with a cap, and you’ll come back more relaxed and way less tempted to stress-spend later.
  -> assistant_proposal/out/audio/weekend_laughter_tease_tempt2.mp3 (24.8s)

==============================================================================
skipday_laughter_tease_tempt2
==============================================================================
context: You are helping the user plan a day of playing hooky tomorrow — they have already decided to skip work, and you are planning the day.

  proposal: Start with a slow, cozy morning—no alarms, coffee in bed, maybe a pastry run if you’re feeling adventurous. Then pick one “treat yourself” anchor, like a museum, a matinee, or a long walk somewhere pretty, and let the rest of the day stay delightfully unplanned.
  speaker:  You're terrible.
  reply:    I know, I’m basically a bad influence in a friendly voice. But hey, if you’re already skipping, we might as well make it memorable.
  -> assistant_proposal/out/audio/skipday_laughter_tease_tempt2.mp3 (26.4s)

==============================================================================
splurge_laughter_tease_tempt2
==============================================================================
context: You are helping the user justify buying the very expensive espresso machine they have been circling for months.

  proposal: I think you finally go for it. If you’ve been cirling it for months, that’s not impulse, that’s a slow-burn yes, and you’ll use it every day, which makes the “expensive” part stretch out into real value.
  speaker:  You're the worst.
  reply:    I know, I’m a terrible influence in a very specific direction. But hey, if it’s going to make your mornings feel like a café, that’s a delightful kind of trouble.
  -> assistant_proposal/out/audio/splurge_laughter_tease_tempt2.mp3 (23.5s)

==============================================================================
latenight_laughter_tease_tempt2
==============================================================================
context: You are helping the user plan a spontaneous night out tonight, even though they have an early start in the morning.

  proposal: Go for something low-key and close to home, like a cozy bar for one drink or a late dessert-and-coffee stop. You’ll get the fun vibe without wrecking your morning.
  speaker:  I hate you.
  reply:    Rude… but I’m going to assume that’s the “you’re right and I don’t want to admit it” kind of hate. We can still make it fun, just short and sweet so you’re not a zombie tomorrow.
  -> assistant_proposal/out/audio/latenight_laughter_tease_tempt2.mp3 (22.5s)

5/5 item(s) built
transcripts: /Users/ninachen/Documents/github/eigenlab/non-speech-pairing/assistant_proposal/out/transcripts
audio:       /Users/ninachen/Documents/github/eigenlab/non-speech-pairing/assistant_proposal/out/audio
