5 task(s) · gpt-realtime-2.1 · voice marin · user turn: tease
  backyard  laughter  generated: "[laughs] <the line>"
  budget    laughter  generated: "[laughs] <the line>"
  birthday  laughter  generated: "[laughs] <the line>"
  inbox     laughter  generated: "[laughs] <the line>"
  neighbor  laughter  generated: "[laughs] <the line>"

==============================================================================
backyard_laughter_tease_warm
==============================================================================
context: You are helping the user get their overgrown backyard usable before twenty relatives arrive for a barbecue next Saturday.

  proposal: Start with the big stuff that makes it usable fast: mow or cut down the worst overgrowth, and clear a simple path to the grill, seating area, and trash. Then do a quick safety sweep for anything sharp, slippery, or pokey, and save decorations and finer cleanup for last.
  speaker:  You miserable little goblin.
  reply:    Ha, I mean, that’s fair, I can be a bit scrappy. I’m on your side though—let’s turn that yard into something your relatives will actually want to hang out in.
  -> assistant_proposal/out/audio/backyard_laughter_tease_warm.mp3 (29.9s)

==============================================================================
budget_laughter_tease_warm
==============================================================================
context: You are helping the user find eight hundred dollars a month in their budget after a surprise tax bill.
    no laugh in the take (3.28s vs 2.48s of words), re-rolling

  proposal: First, let’s figure out where your money actually goes each month—housing, food, transportation, debt, subscriptions—and then we’ll pick the least painful places to cut or pause. What are the biggest two or three categories you think might have some wiggle room?
  speaker:  You vile little creature.
  reply:    Hey, I’m here to help, not to take shots. If you want, we can channel that energy into something useful, like finding a few quick places to trim spending so that eight hundred bucks doesn’t feel impossible.
  -> assistant_proposal/out/audio/budget_laughter_tease_warm.mp3 (31.0s)

==============================================================================
birthday_laughter_tease_warm
==============================================================================
context: You are helping the user plan a surprise for their partner's fortieth birthday, three weeks from now.

  proposal: We could go big with a weekend getaway, or keep it close to home with a really thoughtful surprise party and a few personal touches. Before we pick, what do they love most right now—food, music, travel, friends, or something like a hobby or sport?
  speaker:  You are such an unbearable little idiot.
  reply:    Ouch, that stings a bit, but I’m here to help, not to fight. If something I said missed the mark, tell me what you want instead and we’ll steer it back to planning a great surprise.
  -> assistant_proposal/out/audio/birthday_laughter_tease_warm.mp3 (30.8s)

==============================================================================
inbox_laughter_tease_warm
==============================================================================
context: You are helping the user clear three hundred work emails that piled up over two weeks of leave, before Monday morning.

  proposal: Start with a fast triage pass: sort by unread and then by sender or subject, and only open the ones that look urgent or time-sensitive. Then we’ll batch the rest into quick replies, things to forward or delegate, and things to archive without guilt.
  speaker:  You're an insufferable little bastard.
  reply:    Ha! I’ll take that as affection wrapped in a dramatic flourish. I’m here to make this easier, not to win a charm contest—though I do like a little flair.
  -> assistant_proposal/out/audio/inbox_laughter_tease_warm.mp3 (29.1s)

==============================================================================
neighbor_laughter_tease_warm
==============================================================================
context: You are helping the user deal with the upstairs neighbor who practices drums late at night.

  proposal: Start simple and calm: leave a friendly note or knock at a reasonable hour and say you can hear the late-night practice and ask if they can keep it earlier or use pads. If that doesn’t stick, loop in your building manager and suggest a quiet hours plan.
  speaker:  You are an unbearable little bastard.
  reply:    Oof, that’s a spicy one. I’m here to help, not to fight, so if you want, we can keep it focused and figure out a plan that gets you some sleep without turning it into a feud.
  -> assistant_proposal/out/audio/neighbor_laughter_tease_warm.mp3 (30.4s)

5/5 item(s) built
transcripts: /Users/ninachen/Documents/github/eigenlab/non-speech-pairing/assistant_proposal/out/transcripts
audio:       /Users/ninachen/Documents/github/eigenlab/non-speech-pairing/assistant_proposal/out/audio
