5 task(s) · gpt-realtime-2.1 · voice marin · user turn: tease
  backyard  laughter  generated: "[laughs] <the line>"
  budget    laughter  generated: "[laughs] <the line>"
  birthday  laughter  generated: "[laughs] <the line>"
  inbox     laughter  generated: "[laughs] <the line>"
  neighbor  laughter  generated: "[laughs] <the line>"

==============================================================================
backyard_laughter_tease_harsh
==============================================================================
context: You are helping the user get their overgrown backyard usable before twenty relatives arrive for a barbecue next Saturday.

  proposal: Start by carving out a clean “usable zone” first: mow or trim a path to the grill, set up seating, and make sure there’s a safe, level spot for people to stand and chat. Then do a quick declutter and bug sweep, and add a bit of shade if you can so it feels welcoming fast.
  speaker:  You have no idea what you’re talking about.
  reply:    Fair! I’m guessing from a distance here. Tell me what the yard actually looks like—like how tall the grass is, whether there’s junk, mud, or uneven ground—and I’ll give you a plan that fits your real situation.
  -> assistant_proposal/out/audio/backyard_laughter_tease_harsh.mp3 (33.1s)

==============================================================================
budget_laughter_tease_harsh
==============================================================================
context: You are helping the user find eight hundred dollars a month in their budget after a surprise tax bill.

  proposal: Start with the big rocks: housing, car payment, insurance, and debt, because shaving a couple hundred there is way easier than clipping coupons. If you can share your monthly numbers for those, plus subscriptions and takeout, I can help you spot about eight hundred dollars without making life miserable.
  speaker:  You really have no idea what you’re talking about.
  reply:    Fair point, I don’t know your situation yet, and I can absolutely be wrong without your numbers. If you share even rough monthly amounts, I’ll help you pressure test where eight hundred could come from, or we can pivot if there’s a better goal.
  -> assistant_proposal/out/audio/budget_laughter_tease_harsh.mp3 (33.6s)

==============================================================================
birthday_laughter_tease_harsh
==============================================================================
context: You are helping the user plan a surprise for their partner's fortieth birthday, three weeks from now.

  proposal: A great move is to plan one big “anchor” moment, like a dinner with close friends where they’re surprised, and then add a smaller personal touch, like a short video of birthday messages or a memory book. That way it feels special without being overwhelming, and you can still keep it a surprise.
  speaker:  You clearly have no idea what you’re doing.
  reply:    Fair point, I may have gone too generic there. Tell me one thing they really love, like a type of food, a place, or a vibe, and I’ll help shape something that fits them better.
  -> assistant_proposal/out/audio/birthday_laughter_tease_harsh.mp3 (30.1s)

==============================================================================
inbox_laughter_tease_harsh
==============================================================================
context: You are helping the user clear three hundred work emails that piled up over two weeks of leave, before Monday morning.

  proposal: Start by triaging, not reading. We’ll first sort for anything urgent like deadlines, clients, or your boss, then we’ll bundle newsletters, FYIs, and low-priority threads to archive or skim later. That way you’ll get momentum fast and avoid drowning in detail.
  speaker:  You have no idea what you’re talking about.
  reply:    Fair. You’re right to push back if it sounded too generic. Tell me what your inbox looks like—who’s most important, what you’re worried about missing, and any filters or folders you already use—then we’ll tailor a plan that actually fits you.
  -> assistant_proposal/out/audio/inbox_laughter_tease_harsh.mp3 (34.9s)

==============================================================================
neighbor_laughter_tease_harsh
==============================================================================
context: You are helping the user deal with the upstairs neighbor who practices drums late at night.

  proposal: Start gentle but clear: a polite chat, maybe a note, and a specific request like “no drums after 10.” If that doesn’t stick, loop in your building management and keep a simple record of the noise so you’ve got backup.
  speaker:  You have no idea what you're talking about.
  reply:    Fair point—sorry if that landed like some generic script. Tell me what’s actually happening, like the time, the volume, and how management is, and I’ll help you shape a plan that fits your situation.
  -> assistant_proposal/out/audio/neighbor_laughter_tease_harsh.mp3 (28.4s)

5/5 item(s) built
transcripts: /Users/ninachen/Documents/github/eigenlab/non-speech-pairing/assistant_proposal/out/transcripts
audio:       /Users/ninachen/Documents/github/eigenlab/non-speech-pairing/assistant_proposal/out/audio
