
==============================================================================
emb_001  7 turns
==============================================================================
  7 turn takes (17.8s of speech, -15.4 dB)
  happy t1 end   [chuckle] haha     1.52s  -26.8dB ->  -25.3dB
  happy t4 start [laughs] hehe      2.40s  -22.7dB
  happy t7 end   [laughs] haha      1.44s  -18.4dB
  sad   t1 end   [sigh] ugh         2.08s  -22.5dB
  sad   t4 start [heavy sigh] hhh   2.32s  -20.6dB
  sad   t7 end   [sigh] hhh         2.08s  -26.1dB ->  -25.4dB
  neutral   19.76s  emb_001_neutral.mp3
  happy     25.66s  emb_001_happy.mp3
  sad       26.78s  emb_001_sad.mp3

==============================================================================
emb_002  7 turns
==============================================================================
  7 turn takes (23.8s of speech, -15.4 dB)
  happy t1 end   [chuckle] haha     1.36s  -22.0dB
  happy t3 start [laughs] hehe      2.00s  -25.3dB
  happy t6 end   [chuckle] haha     2.00s  -21.2dB
  sad   t1 end   [sigh] ugh         1.44s  -20.2dB
  sad   t3 start [heavy sigh] hhh   1.60s  -30.2dB ->  -25.5dB
  sad   t6 end   [sigh] ah          1.28s  -17.8dB
  neutral   25.68s  emb_002_neutral.mp3
  happy     31.58s  emb_002_happy.mp3
  sad       30.54s  emb_002_sad.mp3

==============================================================================
emb_003  4 turns
==============================================================================
  4 turn takes (14.1s of speech, -15.7 dB)
  happy t1 end   [chuckle] haha     1.44s  -23.3dB
  happy t2 start [laughs] hehe      1.68s  -20.0dB
  happy t4 end   [chuckle] haha     1.60s  -20.8dB
  sad   t1 end   [sigh] ugh         1.68s  -19.7dB
  sad   t2 start [heavy sigh] hhh   2.72s  -17.0dB
  sad   t4 end   [sigh] ugh         2.40s  -21.3dB
  neutral   15.04s  emb_003_neutral.mp3
  happy     20.30s  emb_003_happy.mp3
  sad       22.38s  emb_003_sad.mp3

==============================================================================
emb_004  6 turns
==============================================================================
  6 turn takes (21.3s of speech, -16.0 dB)
  happy t1 end   [chuckle] haha     1.36s  -19.0dB
  happy t2 start [laughs] hehe      1.12s  -18.2dB
  happy t5 end   [chuckle] haha     1.68s  -24.7dB
  sad   t1 end   [sigh] ugh         2.00s  -27.3dB ->  -26.0dB
  sad   t2 start [heavy sigh] hhh   2.88s  -20.7dB
  sad   t5 end   [sigh] ugh         1.92s  -25.0dB
  neutral   22.88s  emb_004_neutral.mp3
  happy     27.58s  emb_004_happy.mp3
  sad       30.22s  emb_004_sad.mp3

==============================================================================
emb_005  8 turns
==============================================================================
  8 turn takes (27.5s of speech, -15.1 dB)
  happy t1 end   [chuckle] haha     1.44s  -20.3dB
  happy t4 end   [laughs] hehe      1.68s  -19.5dB
  happy t7 start [chuckle] ha       0.96s  -26.3dB ->  -25.0dB
  sad   t1 end   [sigh] ugh         2.16s  -21.4dB
  sad   t4 end   [heavy sigh] hhh   2.72s  -22.5dB
  sad   t7 start [sigh] ah          1.44s  -30.7dB ->  -25.1dB
  neutral   29.76s  emb_005_neutral.mp3
  happy     34.38s  emb_005_happy.mp3
  sad       36.62s  emb_005_sad.mp3

==============================================================================
emb_006  7 turns
==============================================================================
  7 turn takes (23.4s of speech, -15.2 dB)
  happy t1 end   [chuckle] haha     1.60s  -30.4dB ->  -25.2dB
  happy t2 start [laughs] hehe      2.48s  -24.5dB
  happy t5 end   [chuckle] haha     1.28s  -21.5dB
  sad   t1 end   [sigh] ugh         1.12s  -18.7dB
  sad   t2 start [sigh] hhh         1.52s  -25.2dB
  sad   t5 end   [heavy sigh] hhh   1.84s  -22.6dB
  neutral   25.28s  emb_006_neutral.mp3
  happy     31.18s  emb_006_happy.mp3
  sad       30.30s  emb_006_sad.mp3

==============================================================================
emb_007  7 turns
==============================================================================
  7 turn takes (19.7s of speech, -16.5 dB)
  happy t1 end   [chuckle] haha     1.20s  -21.3dB
  happy t4 start [laughs] hehe      1.60s  -24.3dB
  happy t7 end   [chuckle] haha     1.60s  -23.4dB
  sad   t1 end   [sigh] ugh         1.44s  -20.9dB
  sad   t4 start [heavy sigh] hhh   1.76s  -17.8dB
  sad   t7 end   [sigh] ugh         1.44s  -26.0dB
  neutral   21.60s  emb_007_neutral.mp3
  happy     26.54s  emb_007_happy.mp3
  sad       26.78s  emb_007_sad.mp3

==============================================================================
emb_008  6 turns
==============================================================================
  6 turn takes (26.6s of speech, -16.7 dB)
  happy t1 end   [chuckle] haha     1.36s  -25.4dB
  happy t4 start [laughs] hehe      2.88s  -26.0dB
  happy t5 end   [chuckle] heh      1.04s  -30.3dB ->  -26.6dB
  sad   t1 end   [sigh] ugh         1.20s  -20.0dB
  sad   t4 start [heavy sigh] hhh   3.04s  -21.3dB
  sad   t5 end   [sigh] ahh         0.80s  -29.7dB ->  -26.6dB
  neutral   28.24s  emb_008_neutral.mp3
  happy     34.06s  emb_008_happy.mp3
  sad       33.82s  emb_008_sad.mp3

==============================================================================
emb_009  7 turns
==============================================================================
  7 turn takes (18.6s of speech, -15.6 dB)
  happy t1 start [chuckle] haha     1.68s  -23.4dB
  happy t4 end   [laughs] hehe      2.96s  -22.3dB
  happy t5 end   [chuckle] haha     1.20s  -20.9dB
  sad   t1 start [sigh] ugh         1.92s  -23.8dB
  sad   t4 end   [heavy sigh] hhh   2.80s  -24.3dB
  sad   t5 end   [sigh] ugh         0.88s  -31.7dB ->  -25.6dB
  neutral   20.56s  emb_009_neutral.mp3
  happy     26.94s  emb_009_happy.mp3
  sad       26.70s  emb_009_sad.mp3

==============================================================================
emb_010  6 turns
==============================================================================
  6 turn takes (18.1s of speech, -15.6 dB)
  happy t1 end   [chuckle] haha     1.20s  -21.8dB
  happy t4 start [laughs] hehe      2.56s  -25.5dB
  happy t5 end   [giggle] haha      1.36s  -19.3dB
  sad   t1 end   [sigh] ugh         2.64s  -27.9dB ->  -25.7dB
  sad   t4 start [heavy sigh] hhh   1.76s  -16.5dB
  sad   t5 end   [sigh] ah          1.44s  -24.6dB
  neutral   19.68s  emb_010_neutral.mp3
  happy     25.34s  emb_010_happy.mp3
  sad       26.06s  emb_010_sad.mp3

==============================================================================
emb_011  8 turns
==============================================================================
  8 turn takes (22.2s of speech, -15.9 dB)
  happy t1 end   [chuckle] haha     1.28s  -19.5dB
  happy t4 end   [laughs] hehe      1.92s  -19.7dB
  happy t7 start [chuckle] haha     1.44s  -25.8dB
  sad   t2 end   [sigh] hhh         2.16s  -20.4dB
  sad   t5 start [heavy sigh] hhh   2.72s  -20.8dB
  sad   t8 end   [sigh] hhh         1.68s  -20.3dB
  neutral   24.48s  emb_011_neutral.mp3
  happy     29.66s  emb_011_happy.mp3
  sad       31.58s  emb_011_sad.mp3

==============================================================================
emb_012  5 turns
==============================================================================
  5 turn takes (18.8s of speech, -15.3 dB)
  happy t1 end   [chuckle] haha     1.68s  -22.2dB
  happy t2 start [laughs] hehe      2.00s  -21.4dB
  happy t4 end   [chuckle] haha     2.24s  -18.9dB
  sad   t1 end   [sigh] ugh         1.60s  -21.2dB
  sad   t2 start [heavy sigh] hhh   3.12s  -19.1dB
  sad   t4 end   [sigh] ah          2.08s  -20.1dB
  neutral   20.08s  emb_012_neutral.mp3
  happy     26.54s  emb_012_happy.mp3
  sad       27.42s  emb_012_sad.mp3

==============================================================================
emb_013  8 turns
==============================================================================
  8 turn takes (21.0s of speech, -15.3 dB)
  happy t1 end   [chuckle] haha     1.28s  -22.7dB
  happy t4 start [laughs] hehe      2.48s  -20.8dB
  happy t7 end   [chuckle] haha     1.28s  -25.1dB
  sad   t1 end   [sigh] ugh         1.12s  -21.7dB
      reroll (5.20s outside 0.4-3.5s)
  sad   t4 start [heavy sigh] hhh   2.48s  -24.1dB
  sad   t7 end   [sigh] ugh         1.52s  -22.9dB
  neutral   23.20s  emb_013_neutral.mp3
  happy     28.78s  emb_013_happy.mp3
  sad       28.86s  emb_013_sad.mp3

==============================================================================
emb_014  5 turns
==============================================================================
  5 turn takes (16.9s of speech, -15.7 dB)
  happy t1 end   [chuckle] haha     1.20s  -23.2dB
  happy t3 start [laughs] hehe      1.60s  -21.0dB
  happy t4 end   [chuckle] haha     1.52s  -19.9dB
  sad   t1 end   [sigh] ugh         1.28s  -23.0dB
  sad   t3 start [heavy sigh] hhh   2.64s  -25.4dB
  sad   t4 end   [sigh] ugh         1.36s  -17.4dB
  neutral   18.16s  emb_014_neutral.mp3
  happy     23.02s  emb_014_happy.mp3
  sad       23.98s  emb_014_sad.mp3

==============================================================================
emb_015  6 turns
==============================================================================
  6 turn takes (16.3s of speech, -15.7 dB)
  happy t1 end   [chuckle] haha     1.28s  -26.4dB ->  -25.7dB
  happy t3 end   [laughs] hehe      1.68s  -16.6dB
  happy t6 end   [chuckle] haha     1.52s  -17.8dB
  sad   t1 end   [sigh] ugh         1.92s  -23.0dB
  sad   t3 end   [heavy sigh] hhh   1.12s  -27.4dB ->  -25.7dB
  sad   t6 end   [sigh] ugh         1.84s  -18.2dB
  neutral   17.92s  emb_015_neutral.mp3
  happy     22.94s  emb_015_happy.mp3
  sad       23.34s  emb_015_sad.mp3

==============================================================================
emb_016  5 turns
==============================================================================
  5 turn takes (12.3s of speech, -16.2 dB)
  happy t1 end   [chuckle] haha     1.52s  -25.9dB
  happy t2 start [laughs] hehe      2.08s  -18.3dB
  happy t4 end   [chuckle] haha     1.84s  -19.9dB
  sad   t1 end   [sigh] ugh         2.16s  -24.5dB
  sad   t2 start [heavy sigh] hhh   2.16s  -23.9dB
  sad   t4 end   [sigh] ugh         2.96s  -24.6dB
  neutral   13.60s  emb_016_neutral.mp3
  happy     19.58s  emb_016_happy.mp3
  sad       21.42s  emb_016_sad.mp3

==============================================================================
emb_017  4 turns
==============================================================================
  4 turn takes (12.7s of speech, -16.2 dB)
  happy t1 end   [chuckle] haha     1.76s  -22.7dB
  happy t2 start [laughs] hehe      2.48s  -21.2dB
  happy t4 end   [chuckle] haha     1.44s  -19.4dB
  sad   t1 end   [sigh] ugh         1.76s  -20.5dB
  sad   t2 start [heavy sigh] hhh   1.36s  -18.5dB
  sad   t4 end   [sigh] ugh         1.60s  -20.6dB
  neutral   13.68s  emb_017_neutral.mp3
  happy     19.90s  emb_017_happy.mp3
  sad       18.94s  emb_017_sad.mp3

==============================================================================
emb_018  8 turns
==============================================================================
  8 turn takes (32.7s of speech, -16.3 dB)
  happy t1 end   [chuckle] haha     1.36s  -21.1dB
  happy t3 start [laughs] hehe      1.44s  -20.7dB
  happy t6 end   [chuckle] ha       2.48s  -23.5dB
  happy t8 end   [laughs] haha      1.12s  -16.9dB
  sad   t1 end   [sigh] ugh         2.16s  -24.9dB
  sad   t3 start [heavy sigh] hhh   2.00s  -24.3dB
  sad   t6 end   [sigh] ah          1.12s  -20.3dB
  sad   t8 end   [sigh] ugh         1.20s  -20.8dB
  neutral   34.96s  emb_018_neutral.mp3
  happy     42.08s  emb_018_happy.mp3
  sad       42.16s  emb_018_sad.mp3

==============================================================================
emb_019  6 turns
==============================================================================
  6 turn takes (23.5s of speech, -15.6 dB)
  happy t1 end   [chuckle] haha     1.44s  -25.2dB
  happy t3 start [laughs] hehe      1.44s  -21.1dB
  happy t6 end   [chuckle] haha     1.60s  -20.2dB
  sad   t1 end   [sigh] ugh         0.96s  -18.2dB
  sad   t4 start [heavy sigh] hhh   2.32s  -21.6dB
  sad   t6 end   [sigh] ah          1.52s  -17.3dB
  neutral   25.12s  emb_019_neutral.mp3
  happy     30.14s  emb_019_happy.mp3
  sad       30.46s  emb_019_sad.mp3

==============================================================================
emb_020  8 turns
==============================================================================
  8 turn takes (25.5s of speech, -15.8 dB)
  happy t1 end   [chuckle] haha     1.20s  -23.0dB
  happy t3 start [laughs] hehe      1.92s  -18.7dB
  happy t6 end   [chuckle] haha     1.36s  -18.1dB
  happy t7 end   [laughs] haha      1.52s  -21.1dB
  sad   t1 end   [sigh] hhh         0.88s  -34.2dB ->  -25.8dB
  sad   t3 start [heavy sigh] hhh   1.92s  -21.1dB
  sad   t6 end   [sigh] hhh         1.84s  -21.7dB
  sad   t7 end   [heavy sigh] hhh   2.32s  -22.0dB
  neutral   27.76s  emb_020_neutral.mp3
  happy     34.48s  emb_020_happy.mp3
  sad       35.44s  emb_020_sad.mp3

20 item(s) · 0 clip(s) failed QC · wrote audio_manifest.json
