
==============================================================================
emb_001  7 turns
==============================================================================
  t01: no alignment on file, re-synthesizing
  t02: no alignment on file, re-synthesizing
  t03: no alignment on file, re-synthesizing
  t04: no alignment on file, re-synthesizing
  t05: no alignment on file, re-synthesizing
  t06: no alignment on file, re-synthesizing
  t07: no alignment on file, re-synthesizing
  7 turn takes (21.4s of speech, -16.7 dB)
  happy t1 start [giggle] haha      1.92s  -23.3dB
  happy t2 end   [laughs] hahaha    2.24s  -16.8dB
  happy t3 start [chuckles] hah     1.20s  -25.4dB
  happy t4 start [laughs] hahaha    2.00s  -18.5dB
  happy t5 start [giggle] haha      1.52s  -22.6dB
  happy t6 end   [laughs] haha      1.92s  -19.4dB
  sad   t1 start [sigh] uhh         1.76s  -20.4dB
  sad   t2 end   [heavy sigh] hhh   1.04s  -15.6dB
  sad   t3 start [sigh] ugh         1.52s  -20.2dB
  sad   t4 start [sigh] hoo         0.96s  -19.5dB
  sad   t5 start [sigh] ugh         1.92s  -20.0dB
  sad   t6 end   [heavy sigh] hhh   1.36s  -16.0dB
  neutral   23.36s  emb_001_neutral.mp3
  happy     35.24s  emb_001_happy.mp3
  sad       33.00s  emb_001_sad.mp3

==============================================================================
emb_002  7 turns
==============================================================================
  t01: no alignment on file, re-synthesizing
  t02: no alignment on file, re-synthesizing
  t03: no alignment on file, re-synthesizing
  t04: no alignment on file, re-synthesizing
  t05: no alignment on file, re-synthesizing
  t06: no alignment on file, re-synthesizing
  t07: no alignment on file, re-synthesizing
  7 turn takes (23.0s of speech, -15.5 dB)
  happy t2 start [laughs] hahaha    2.24s  -16.0dB
  happy t3 end   [chuckles] hah     1.12s  -25.0dB
  happy t4 start [laughs] ha        2.24s  -19.7dB
  happy t5 start [laughs] hahaha    1.84s  -19.5dB
  sad   t2 start [sigh] uhh         1.44s  -17.8dB
  sad   t3 end   [sigh] ugh         1.92s  -22.1dB
  sad   t4 start [heavy sigh] hhh   2.40s  -18.8dB
  sad   t5 start [heavy sigh] ahh   1.84s  -21.6dB
  neutral   24.88s  emb_002_neutral.mp3
  happy     33.04s  emb_002_happy.mp3
  sad       33.20s  emb_002_sad.mp3

==============================================================================
emb_003  4 turns
==============================================================================
  t01: no alignment on file, re-synthesizing
  t02: no alignment on file, re-synthesizing
  t03: no alignment on file, re-synthesizing
  t04: no alignment on file, re-synthesizing
  4 turn takes (13.9s of speech, -16.4 dB)
  happy t1 start [chuckles] hah     0.72s  -25.7dB
  happy t2 end   [laughs] hahaha    1.52s  -17.1dB
  happy t3 start [happy laugh] haha 1.44s  -21.7dB
  happy t4 end   [chuckle] hah      1.04s  -22.3dB
  sad   t1 start [exhale] hhh       1.20s  -24.3dB
  sad   t2 end   [heavy sigh] ahh   1.20s  -17.7dB
  sad   t3 start [heavy sigh] uhh   2.00s  -18.0dB
  sad   t4 end   [sigh] uhh         1.76s  -18.4dB
  neutral   14.88s  emb_003_neutral.mp3
  happy     20.32s  emb_003_happy.mp3
  sad       21.76s  emb_003_sad.mp3

==============================================================================
emb_004  6 turns
==============================================================================
  t01: no alignment on file, re-synthesizing
  t02: no alignment on file, re-synthesizing
  t03: no alignment on file, re-synthesizing
  t04: no alignment on file, re-synthesizing
  t05: no alignment on file, re-synthesizing
  t06: no alignment on file, re-synthesizing
  6 turn takes (21.5s of speech, -16.0 dB)
  happy t2 end   [giggle] haha      2.48s  -21.3dB
  happy t4 start [laughs] haha      2.00s  -19.5dB
  happy t5 end   [laughs] hahaha    1.60s  -20.5dB
  sad   t2 end   [exhale] hhh       2.48s  -20.7dB
  sad   t4 start [exhale] hhh       1.92s  -24.2dB
  sad   t5 end   [exhale] hhh       3.04s  -24.4dB
  neutral   23.12s  emb_004_neutral.mp3
  happy     29.74s  emb_004_happy.mp3
  sad       31.10s  emb_004_sad.mp3

==============================================================================
emb_005  8 turns
==============================================================================
  t01: no alignment on file, re-synthesizing
  t02: no alignment on file, re-synthesizing
  t03: no alignment on file, re-synthesizing
  t04: no alignment on file, re-synthesizing
  t05: no alignment on file, re-synthesizing
  t06: no alignment on file, re-synthesizing
  t07: no alignment on file, re-synthesizing
  t08: no alignment on file, re-synthesizing
  8 turn takes (28.1s of speech, -15.4 dB)
  happy t1 end   [laughs] ha        1.84s  -25.1dB
  happy t2 end   [chuckle] haha     1.20s  -19.5dB
  happy t3 start [laughs] hahaha    2.72s  -18.1dB
  happy t4 end   [chuckle] hah      2.00s  -19.0dB
  happy t5 end   [laughs] haha      2.08s  -19.4dB
  happy t6 end   [chuckles] hah     1.84s  -20.3dB
  happy t7 end   [happy laugh] haha 1.36s  -24.2dB
  happy t8 start [chuckle] haha     1.76s  -19.5dB
  sad   t1 end   [heavy sigh] hhh   2.64s  -25.0dB
  sad   t2 end   [sigh] hoo         1.68s  -19.6dB
  sad   t3 start [sigh] hoo         0.64s  -18.5dB
  sad   t4 end   [heavy sigh] ahh   1.52s  -20.5dB
  sad   t5 end   [sigh] uhh         1.84s  -24.3dB
  sad   t6 end   [sigh] ahh         2.16s  -18.8dB
  sad   t7 end   [heavy sigh] ahh   1.44s  -19.4dB
  sad   t8 start [sigh] hoo         0.96s  -20.1dB
  neutral   30.32s  emb_005_neutral.mp3
  happy     46.56s  emb_005_happy.mp3
  sad       44.64s  emb_005_sad.mp3

==============================================================================
emb_006  7 turns
==============================================================================
  t01: no alignment on file, re-synthesizing
  t02: no alignment on file, re-synthesizing
  t03: no alignment on file, re-synthesizing
  t04: no alignment on file, re-synthesizing
  t05: no alignment on file, re-synthesizing
  t06: no alignment on file, re-synthesizing
  t07: no alignment on file, re-synthesizing
  7 turn takes (23.0s of speech, -15.1 dB)
  happy t2 end   [chuckle] haha     1.60s  -20.8dB
  happy t3 start [chuckles] hah     0.88s  -25.2dB
  happy t4 end   [chuckles] hah     1.12s  -24.2dB
  happy t5 start [laughs] haha      1.36s  -24.7dB
  happy t6 start [chuckle] hah      1.12s  -19.9dB
  happy t7 start [chuckle] haha     1.12s  -21.0dB
  sad   t2 end   [heavy sigh] uhh   1.60s  -18.4dB
  sad   t3 start [heavy sigh] uhh   2.56s  -22.1dB
  sad   t4 end   [sigh] ugh         1.52s  -21.9dB
  sad   t5 start [sigh] ahh         1.44s  -25.2dB
  sad   t6 start [sigh] hoo         2.00s  -21.8dB
  sad   t7 start [exhale] hhh       2.00s  -25.2dB
  neutral   24.96s  emb_006_neutral.mp3
  happy     33.24s  emb_006_happy.mp3
  sad       37.16s  emb_006_sad.mp3

==============================================================================
emb_007  7 turns
==============================================================================
  t01: no alignment on file, re-synthesizing
  t02: no alignment on file, re-synthesizing
  t03: no alignment on file, re-synthesizing
  t04: no alignment on file, re-synthesizing
  t05: no alignment on file, re-synthesizing
  t06: no alignment on file, re-synthesizing
  t07: no alignment on file, re-synthesizing
  7 turn takes (18.3s of speech, -15.7 dB)
  happy t1 start [laughs] haha      1.20s  -15.3dB
  happy t2 end   [chuckles] hah     0.64s  -19.8dB
  happy t3 end   [laughs] hahaha    1.84s  -19.4dB
  happy t5 end   [chuckles] hah     1.20s  -26.5dB ->  -25.6dB
  happy t6 end   [chuckle] hah      3.12s  -22.8dB
  happy t7 end   [chuckle] haha     1.44s  -23.0dB
  sad   t1 start [sigh] uhh         1.44s  -18.2dB
  sad   t2 end   [exhale] hhh       1.76s  -15.2dB
  sad   t3 end   [sigh] ugh         1.92s  -26.4dB ->  -25.7dB
  sad   t5 end   [sigh] uhh         1.52s  -14.3dB
  sad   t6 end   [sigh] ugh         1.04s  -20.3dB
  sad   t7 end   [sigh] ahh         1.28s  -25.5dB
  neutral   20.24s  emb_007_neutral.mp3
  happy     30.76s  emb_007_happy.mp3
  sad       30.28s  emb_007_sad.mp3

==============================================================================
emb_008  6 turns
==============================================================================
  t01: no alignment on file, re-synthesizing
  t02: no alignment on file, re-synthesizing
  t03: no alignment on file, re-synthesizing
  t04: no alignment on file, re-synthesizing
  t05: no alignment on file, re-synthesizing
  t06: no alignment on file, re-synthesizing
  6 turn takes (25.4s of speech, -16.5 dB)
  happy t1 end   [chuckle] haha     1.28s  -23.5dB
  happy t3 start [happy laugh] haha 1.28s  -19.3dB
  happy t5 start [laughs] ha        1.12s  -17.1dB
  sad   t1 end   [exhale] hhh       2.08s  -18.6dB
  sad   t3 start [heavy sigh] ahh   2.24s  -23.1dB
  sad   t5 start [sigh] uhh         1.60s  -22.1dB
  neutral   26.96s  emb_008_neutral.mp3
  happy     31.18s  emb_008_happy.mp3
  sad       33.42s  emb_008_sad.mp3

==============================================================================
emb_009  7 turns
==============================================================================
  t01: no alignment on file, re-synthesizing
  t02: no alignment on file, re-synthesizing
  t03: no alignment on file, re-synthesizing
  t04: no alignment on file, re-synthesizing
  t05: no alignment on file, re-synthesizing
  t06: no alignment on file, re-synthesizing
  t07: no alignment on file, re-synthesizing
  7 turn takes (19.8s of speech, -15.5 dB)
  happy t4 end   [laughs] hahaha    2.56s  -19.8dB
  happy t5 start [laughs] ha        1.60s  -19.7dB
  happy t6 start [happy laugh] haha 1.04s  -16.6dB
  happy t7 end   [chuckle] hah      1.84s  -25.5dB
  sad   t4 end   [sigh] ahh         0.96s  -19.2dB
  sad   t5 start [sigh] ugh         2.16s  -22.3dB
  sad   t6 start [heavy sigh] hhh   1.76s  -19.3dB
  sad   t7 end   [exhale] hhh       2.40s  -25.5dB
  neutral   21.68s  emb_009_neutral.mp3
  happy     29.44s  emb_009_happy.mp3
  sad       29.68s  emb_009_sad.mp3

==============================================================================
emb_010  6 turns
==============================================================================
  t01: no alignment on file, re-synthesizing
  t02: no alignment on file, re-synthesizing
  t03: no alignment on file, re-synthesizing
  t04: no alignment on file, re-synthesizing
  t05: no alignment on file, re-synthesizing
  t06: no alignment on file, re-synthesizing
  6 turn takes (18.6s of speech, -15.3 dB)
  happy t1 end   [chuckle] haha     1.68s  -25.6dB
  happy t3 end   [laughs] ha        0.88s  -18.7dB
  happy t5 start [chuckles] hah     0.96s  -25.6dB
  happy t6 end   [laughs] ha        2.24s  -23.2dB
  sad   t1 end   [heavy sigh] hhh   2.56s  -22.2dB
  sad   t3 end   [heavy sigh] hhh   1.60s  -25.6dB
  sad   t5 start [heavy sigh] hhh   2.48s  -24.7dB
  sad   t6 end   [sigh] hoo         1.68s  -22.7dB
  neutral   20.24s  emb_010_neutral.mp3
  happy     26.72s  emb_010_happy.mp3
  sad       29.28s  emb_010_sad.mp3

==============================================================================
emb_011  8 turns
==============================================================================
  t01: no alignment on file, re-synthesizing
  t02: no alignment on file, re-synthesizing
  t03: no alignment on file, re-synthesizing
  t04: no alignment on file, re-synthesizing
  t05: no alignment on file, re-synthesizing
  t06: no alignment on file, re-synthesizing
  t07: no alignment on file, re-synthesizing
  t08: no alignment on file, re-synthesizing
  8 turn takes (22.6s of speech, -16.0 dB)
  happy t1 start [laughs] ha        1.04s  -17.3dB
  happy t3 end   [chuckle] hah      1.20s  -24.9dB
  happy t4 start [laughs] ha        0.72s  -19.4dB
  happy t5 end   [laughs] ha        1.04s  -25.8dB
  happy t8 end   [laughs] hahaha    2.16s  -20.2dB
  sad   t1 start [heavy sigh] hhh   1.68s  -25.8dB
  sad   t3 end   [sigh] uhh         2.08s  -20.0dB
  sad   t4 start [heavy sigh] hhh   2.00s  -22.5dB
  sad   t5 end   [heavy sigh] ahh   2.08s  -23.4dB
  sad   t8 end   [heavy sigh] hhh   1.44s  -17.0dB
  neutral   24.88s  emb_011_neutral.mp3
  happy     31.94s  emb_011_happy.mp3
  sad       35.06s  emb_011_sad.mp3

==============================================================================
emb_012  5 turns
==============================================================================
  t01: no alignment on file, re-synthesizing
  t02: no alignment on file, re-synthesizing
  t03: no alignment on file, re-synthesizing
  t04: no alignment on file, re-synthesizing
  t05: no alignment on file, re-synthesizing
  5 turn takes (21.6s of speech, -15.7 dB)
  happy t1 start [giggle] haha      1.28s  -20.8dB
  happy t2 end   [chuckles] hah     1.36s  -25.2dB
  happy t3 start [chuckle] hah      1.28s  -20.9dB
  happy t4 end   [chuckle] haha     2.56s  -19.3dB
  sad   t1 start [sigh] hoo         1.44s  -21.6dB
  sad   t2 end   [exhale] hhh       2.80s  -19.8dB
  sad   t3 start [sigh] uhh         1.92s  -23.1dB
  sad   t4 end   [sigh] hoo         1.52s  -24.5dB
  neutral   22.88s  emb_012_neutral.mp3
  happy     30.08s  emb_012_happy.mp3
  sad       31.28s  emb_012_sad.mp3

==============================================================================
emb_013  8 turns
==============================================================================
  t01: no alignment on file, re-synthesizing
  t02: no alignment on file, re-synthesizing
  t03: no alignment on file, re-synthesizing
  t04: no alignment on file, re-synthesizing
  t05: no alignment on file, re-synthesizing
  t06: no alignment on file, re-synthesizing
  t07: no alignment on file, re-synthesizing
  t08: no alignment on file, re-synthesizing
  8 turn takes (21.2s of speech, -15.1 dB)
  happy t1 start [laughs] haha      1.44s  -24.6dB
  happy t2 end   [laughs] haha      2.64s  -20.2dB
  happy t3 start [laughs] hahaha    1.76s  -16.8dB
  happy t5 end   [chuckle] haha     1.92s  -21.3dB
  happy t6 end   [giggle] haha      1.68s  -22.7dB
  happy t7 start [chuckles] hah     1.60s  -25.3dB
  happy t8 start [chuckles] hah     1.20s  -21.6dB
  sad   t1 start [sigh] ugh         1.76s  -24.8dB
  sad   t2 end   [heavy sigh] uhh   1.60s  -21.9dB
  sad   t3 start [heavy sigh] hhh   2.08s  -24.2dB
  sad   t5 end   [heavy sigh] uhh   1.44s  -23.0dB
  sad   t6 end   [heavy sigh] hhh   2.40s  -18.8dB
  sad   t7 start [exhale] hhh       2.80s  -25.3dB
  sad   t8 start [heavy sigh] uhh   1.76s  -22.8dB
  neutral   23.44s  emb_013_neutral.mp3
  happy     36.94s  emb_013_happy.mp3
  sad       38.54s  emb_013_sad.mp3

==============================================================================
emb_014  5 turns
==============================================================================
  t01: no alignment on file, re-synthesizing
  t02: no alignment on file, re-synthesizing
  t03: no alignment on file, re-synthesizing
  t04: no alignment on file, re-synthesizing
  t05: no alignment on file, re-synthesizing
  5 turn takes (17.8s of speech, -16.6 dB)
  happy t1 start [chuckle] haha     1.68s  -22.1dB
  happy t2 start [laughs] haha      1.84s  -18.8dB
  happy t3 end   [chuckle] haha     1.92s  -25.7dB
  happy t4 end   [chuckle] haha     2.08s  -20.8dB
  happy t5 start [chuckle] haha     1.28s  -18.6dB
  sad   t1 start [heavy sigh] ahh   2.40s  -25.7dB
  sad   t2 start [sigh] uhh         1.52s  -15.9dB
  sad   t3 end   [sigh] ugh         2.48s  -25.5dB
  sad   t4 end   [exhale] hhh       1.92s  -18.0dB
  sad   t5 start [heavy sigh] ahh   1.84s  -25.2dB
  neutral   19.04s  emb_014_neutral.mp3
  happy     28.74s  emb_014_happy.mp3
  sad       30.10s  emb_014_sad.mp3

==============================================================================
emb_015  6 turns
==============================================================================
  t01: no alignment on file, re-synthesizing
  t02: no alignment on file, re-synthesizing
  t03: no alignment on file, re-synthesizing
  t04: no alignment on file, re-synthesizing
  t05: no alignment on file, re-synthesizing
  t06: no alignment on file, re-synthesizing
  6 turn takes (17.0s of speech, -16.1 dB)
  happy t1 end   [laughs] hahaha    1.92s  -18.4dB
  happy t2 start [chuckle] hah      2.08s  -23.8dB
  happy t5 start [laughs] haha      1.28s  -19.1dB
  sad   t1 end   [sigh] uhh         1.84s  -18.6dB
  sad   t2 start [heavy sigh] ahh   2.80s  -23.3dB
  sad   t5 start [exhale] hhh       1.52s  -18.4dB
  neutral   18.64s  emb_015_neutral.mp3
  happy     24.46s  emb_015_happy.mp3
  sad       25.34s  emb_015_sad.mp3

==============================================================================
emb_016  5 turns
==============================================================================
  t01: no alignment on file, re-synthesizing
  t02: no alignment on file, re-synthesizing
  t03: no alignment on file, re-synthesizing
  t04: no alignment on file, re-synthesizing
  t05: no alignment on file, re-synthesizing
  5 turn takes (14.2s of speech, -16.3 dB)
  happy t1 end   [chuckle] haha     1.28s  -21.2dB
  happy t2 start [giggle] haha      1.12s  -17.0dB
  happy t3 end   [laughs] hahaha    1.28s  -19.9dB
  happy t4 start [giggle] haha      1.44s  -19.9dB
  happy t5 end   [chuckle] hah      1.92s  -26.2dB
  sad   t1 end   [exhale] hhh       1.68s  -23.2dB
  sad   t2 start [sigh] uhh         1.52s  -18.8dB
  sad   t3 end   [heavy sigh] hhh   2.32s  -26.2dB
  sad   t4 start [sigh] hoo         1.20s  -17.1dB
  sad   t5 end   [sigh] uhh         2.32s  -20.6dB
  neutral   15.52s  emb_016_neutral.mp3
  happy     23.46s  emb_016_happy.mp3
  sad       25.46s  emb_016_sad.mp3

==============================================================================
emb_017  4 turns
==============================================================================
  4 turn takes (13.0s of speech, -16.4 dB)
  happy t1 end   [chuckle] haha     1.68s  -25.5dB
  happy t3 start [happy laugh] haha 1.20s  -20.8dB
  sad   t1 end   [sigh] ahh         0.64s  -20.9dB
  sad   t3 start [heavy sigh] ahh   2.00s  -26.1dB
  neutral   14.00s  emb_017_neutral.mp3
  happy     17.24s  emb_017_happy.mp3
  sad       17.00s  emb_017_sad.mp3

==============================================================================
emb_018  8 turns
==============================================================================
  t01: no alignment on file, re-synthesizing
  t02: no alignment on file, re-synthesizing
  t03: no alignment on file, re-synthesizing
  t04: no alignment on file, re-synthesizing
  t05: no alignment on file, re-synthesizing
  t06: no alignment on file, re-synthesizing
  t07: no alignment on file, re-synthesizing
  t08: no alignment on file, re-synthesizing
  8 turn takes (30.8s of speech, -16.4 dB)
  happy t2 start [chuckles] hah     1.44s  -19.5dB
  happy t4 end   [laughs] ha        1.12s  -18.3dB
  happy t5 end   [laughs] ha        0.96s  -18.4dB
  happy t7 end   [laughs] hahaha    1.68s  -21.4dB
  happy t8 end   [laughs] ha        3.44s  -22.0dB
  sad   t2 start [sigh] ugh         2.16s  -22.6dB
  sad   t4 end   [exhale] hhh       1.60s  -19.7dB
  sad   t5 end   [heavy sigh] ahh   2.72s  -23.7dB
  sad   t7 end   [heavy sigh] ahh   2.00s  -26.3dB
  sad   t8 end   [sigh] ugh         1.52s  -17.9dB
  neutral   33.04s  emb_018_neutral.mp3
  happy     42.58s  emb_018_happy.mp3
  sad       43.94s  emb_018_sad.mp3

==============================================================================
emb_019  6 turns
==============================================================================
  t01: no alignment on file, re-synthesizing
  t02: no alignment on file, re-synthesizing
  t03: no alignment on file, re-synthesizing
  t04: no alignment on file, re-synthesizing
  t05: no alignment on file, re-synthesizing
  t06: no alignment on file, re-synthesizing
  6 turn takes (25.0s of speech, -16.4 dB)
  happy t1 end   [chuckle] haha     1.28s  -23.5dB
  happy t2 start [happy laugh] haha 1.28s  -18.1dB
  happy t3 start [chuckle] haha     0.96s  -20.0dB
  happy t4 end   [giggle] haha      1.60s  -23.0dB
  happy t5 start [happy laugh] haha 1.20s  -21.6dB
  happy t6 start [giggle] haha      1.36s  -15.3dB
  sad   t1 end   [sigh] ahh         0.88s  -21.6dB
  sad   t2 start [heavy sigh] ahh   2.72s  -21.8dB
  sad   t3 start [exhale] hhh       2.88s  -25.6dB
  sad   t4 end   [sigh] uhh         1.76s  -19.0dB
  sad   t5 start [heavy sigh] uhh   1.60s  -19.6dB
  sad   t6 start [sigh] ugh         1.20s  -18.9dB
  neutral   26.56s  emb_019_neutral.mp3
  happy     35.32s  emb_019_happy.mp3
  sad       38.68s  emb_019_sad.mp3

==============================================================================
emb_020  8 turns
==============================================================================
  t01: no alignment on file, re-synthesizing
  t02: no alignment on file, re-synthesizing
  t03: no alignment on file, re-synthesizing
  t04: no alignment on file, re-synthesizing
  t05: no alignment on file, re-synthesizing
  t06: no alignment on file, re-synthesizing
  t07: no alignment on file, re-synthesizing
  t08: no alignment on file, re-synthesizing
  8 turn takes (26.2s of speech, -15.8 dB)
  happy t1 start [laughs] hahaha    2.16s  -22.2dB
  happy t3 start [chuckle] hah      0.96s  -23.1dB
  happy t5 end   [laughs] haha      1.04s  -15.9dB
  happy t7 end   [laughs] ha        1.12s  -20.6dB
  happy t8 start [giggle] haha      1.44s  -18.1dB
  sad   t1 start [heavy sigh] uhh   1.68s  -17.3dB
  sad   t3 start [sigh] ahh         2.56s  -25.8dB
  sad   t5 end   [sigh] ugh         1.28s  -25.1dB
  sad   t7 end   [heavy sigh] hhh   2.56s  -25.8dB
  sad   t8 start [sigh] uhh         1.52s  -15.7dB
  neutral   28.48s  emb_020_neutral.mp3
  happy     36.10s  emb_020_happy.mp3
  sad       38.98s  emb_020_sad.mp3

20 item(s) · 0 clip(s) failed QC · wrote audio_manifest.json
