
=== round 1 · 190 clip(s) · 89 session(s) ===
event: session.created
event: conversation.created
event: ping
event: session.created
event: conversation.created
event: ping
event: session.updated
event: session.created
event: conversation.created
event: ping
event: session.updated
event: session.updated
event: input_audio_buffer.speech_started
event: input_audio_buffer.speech_started
event: input_audio_buffer.speech_started
event: input_audio_buffer.speech_stopped
event: input_audio_buffer.committed
event: input_audio_buffer.speech_stopped
event: input_audio_buffer.committed
event: input_audio_buffer.speech_stopped
event: input_audio_buffer.committed
event: ping
event: ping
event: ping
event: ping
event: ping
event: ping
event: ping
event: ping
event: ping
event: ping
event: ping
event: ping
event: ping
event: ping
event: ping
event: ping
event: ping
event: ping
event: ping
event: ping
event: ping
event: ping
event: ping
event: ping
event: ping
event: ping
event: ping
event: ping
event: ping
event: ping
event: ping
event: ping
event: ping
event: ping
event: ping
event: ping
event: ping
event: ping
event: ping
event: ping
event: ping
event: ping
event: ping
event: ping
event: ping
event: ping
event: ping
event: ping
event: ping
event: ping
event: ping
event: session.created
event: conversation.created
event: ping
event: session.created
event: conversation.created
event: ping
event: session.updated
event: session.updated
event: input_audio_buffer.speech_started
event: input_audio_buffer.speech_started
event: input_audio_buffer.speech_stopped
event: input_audio_buffer.committed
event: session.created
event: conversation.created
event: ping
event: input_audio_buffer.speech_stopped
event: input_audio_buffer.committed
event: session.updated
event: input_audio_buffer.speech_started
event: input_audio_buffer.speech_stopped
event: input_audio_buffer.committed
event: ping
event: ping
event: ping
event: ping
event: ping
event: ping
event: ping
event: ping
event: ping
event: ping
event: ping
event: ping
event: ping
event: ping
event: ping
event: ping
event: ping
event: ping
event: ping
event: ping
event: ping
event: ping
event: ping
event: ping
event: ping
event: ping
event: ping
event: ping
event: ping
event: ping
event: ping
event: ping
event: ping
event: ping
event: ping
event: ping
event: ping
event: ping
event: ping
event: ping
event: ping
event: ping
event: ping
event: ping
event: ping
event: ping
event: ping
event: ping
event: ping
event: ping
event: ping
event: session.created
event: conversation.created
event: ping
event: session.created
event: conversation.created
event: ping
event: session.created
event: conversation.created
event: ping
event: session.updated
event: session.updated
event: session.updated
event: input_audio_buffer.speech_started
event: input_audio_buffer.speech_started
event: input_audio_buffer.speech_started
event: input_audio_buffer.speech_stopped
event: input_audio_buffer.committed
event: input_audio_buffer.speech_stopped
event: input_audio_buffer.committed
event: input_audio_buffer.speech_stopped
event: input_audio_buffer.committed
event: ping
event: ping
event: ping
event: ping
event: ping
event: ping
event: ping
event: ping
event: ping
event: ping
event: ping
event: ping
event: ping
event: ping
event: ping
event: ping
event: ping
event: ping
event: ping
event: ping
event: ping
event: ping
event: ping
event: ping
event: ping
event: ping
event: ping
event: ping
event: ping
event: ping
event: ping
event: ping
event: ping
event: ping
event: ping
event: ping
event: ping
event: ping
event: ping
event: ping
event: ping
event: ping
event: ping
event: ping
event: ping
event: ping
event: ping
event: ping
event: ping
event: ping
event: ping
event: session.created
event: conversation.created
event: ping
event: session.created
event: conversation.created
event: ping
event: session.created
event: conversation.created
event: ping
event: session.updated
event: session.updated
event: session.updated
event: input_audio_buffer.speech_started
event: input_audio_buffer.speech_started
event: input_audio_buffer.speech_started
event: input_audio_buffer.speech_stopped
event: input_audio_buffer.committed
event: input_audio_buffer.speech_stopped
event: input_audio_buffer.committed
event: input_audio_buffer.speech_stopped
event: input_audio_buffer.committed
event: ping
event: ping
event: ping
event: ping
event: ping
event: ping
event: ping
event: ping
event: ping
event: ping
event: ping
event: ping
event: ping
event: ping
event: ping
event: ping
event: ping
event: ping
event: ping
event: ping
event: ping
event: ping
event: ping
event: ping
event: ping
event: ping
event: ping
event: ping
event: ping
event: ping
event: ping
event: ping
event: ping
event: ping
event: ping
event: ping
event: ping
event: ping
event: ping
event: ping
event: ping
event: ping
event: ping
event: ping
event: ping
event: ping
event: ping
event: ping
event: ping
event: ping
event: ping
event: session.created
event: conversation.created
event: ping
event: session.created
event: conversation.created
event: ping
event: session.created
event: conversation.created
event: ping
event: session.updated
event: session.updated
event: session.updated
event: input_audio_buffer.speech_started
event: input_audio_buffer.speech_started
event: input_audio_buffer.speech_started
event: input_audio_buffer.speech_stopped
event: input_audio_buffer.committed
event: input_audio_buffer.speech_stopped
event: input_audio_buffer.committed
event: input_audio_buffer.speech_stopped
event: input_audio_buffer.committed
event: ping
event: ping
event: ping
event: ping
event: ping
event: ping
event: ping
event: ping
event: ping
event: ping
event: ping
event: ping
event: ping
event: ping
event: ping
event: ping
event: ping
event: ping
event: ping
event: ping
event: ping
event: ping
event: ping
event: ping
event: ping
event: ping
event: ping
event: ping
event: ping
event: ping
event: ping
event: ping
event: ping
event: ping
event: ping
event: ping
event: ping
event: ping
event: ping
event: ping
event: ping
event: ping
event: ping
event: ping
event: ping
event: ping
event: ping
event: ping
event: ping
event: ping
event: ping
event: session.created
event: conversation.created
event: ping
event: session.created
event: conversation.created
event: ping
event: session.created
event: conversation.created
event: ping
event: session.updated
event: session.updated
event: session.updated
event: input_audio_buffer.speech_started
event: input_audio_buffer.speech_started
event: input_audio_buffer.speech_started
event: input_audio_buffer.speech_stopped
event: input_audio_buffer.committed
event: input_audio_buffer.speech_stopped
event: input_audio_buffer.committed
event: input_audio_buffer.speech_stopped
event: input_audio_buffer.committed
event: ping
event: ping
event: ping
event: ping
event: ping
event: ping
event: ping
event: ping
event: ping
event: ping
event: ping
event: ping
event: ping
event: ping
event: ping
event: ping
event: ping
event: ping
event: ping
event: ping
event: ping
event: ping
event: ping
event: ping
event: ping
event: ping
event: ping
event: ping
event: ping
event: ping
event: ping
event: ping
event: ping
event: ping
event: ping
event: ping
event: ping
event: ping
event: ping
event: ping
event: ping
event: ping
event: ping
event: ping
event: ping
event: ping
event: ping
event: ping
event: ping
event: ping
event: ping
event: session.created
event: conversation.created
event: session.created
event: conversation.created
event: ping
event: session.created
event: conversation.created
event: ping
event: ping
event: session.updated
event: session.updated
event: session.updated
event: input_audio_buffer.speech_started
event: input_audio_buffer.speech_started
event: input_audio_buffer.speech_started
event: input_audio_buffer.speech_stopped
event: input_audio_buffer.committed
event: input_audio_buffer.speech_stopped
event: input_audio_buffer.committed
event: input_audio_buffer.speech_stopped
event: input_audio_buffer.committed
event: ping
event: ping
event: ping
event: ping
event: ping
event: ping
event: ping
event: ping
event: ping
event: ping
event: ping
event: ping
event: ping
event: ping
event: ping
event: ping
event: ping
event: ping
event: ping
event: ping
event: ping
event: ping
event: ping
event: ping
event: ping
event: ping
event: ping
event: ping
event: ping
event: ping
event: ping
event: ping
event: ping
event: ping
event: ping
event: ping
event: ping
event: ping
event: ping
event: ping
event: ping
event: ping
event: ping
event: ping
event: ping
event: ping
event: ping
event: ping
event: ping
event: ping
event: ping
event: session.created
event: conversation.created
event: ping
event: session.created
event: conversation.created
event: ping
event: session.created
event: conversation.created
event: ping
event: session.updated
event: session.updated
event: session.updated
event: input_audio_buffer.speech_started
event: input_audio_buffer.speech_started
event: input_audio_buffer.speech_started
event: input_audio_buffer.speech_stopped
event: input_audio_buffer.committed
event: input_audio_buffer.speech_stopped
event: input_audio_buffer.committed
event: input_audio_buffer.speech_stopped
event: input_audio_buffer.committed
event: ping
event: ping
event: ping
event: ping
event: ping
event: ping
event: ping
event: ping
event: ping
event: ping
event: ping
event: ping
event: ping
event: ping
event: ping
event: ping
event: ping
event: ping
event: ping
event: ping
event: ping
event: ping
event: ping
event: ping
event: ping
event: ping
event: ping
event: ping
event: ping
event: ping
event: ping
event: ping
event: ping
event: ping
event: ping
event: ping
event: ping
event: ping
event: ping
event: ping
event: ping
event: ping
event: ping
event: ping
event: ping
event: ping
event: ping
event: ping
event: ping
event: ping
event: ping
event: session.created
event: conversation.created
event: ping
event: session.created
event: conversation.created
event: ping
event: session.created
event: conversation.created
event: ping
event: session.updated
event: session.updated
event: session.updated
event: input_audio_buffer.speech_started
event: input_audio_buffer.speech_started
event: input_audio_buffer.speech_started
event: input_audio_buffer.speech_stopped
event: input_audio_buffer.committed
event: input_audio_buffer.speech_stopped
event: input_audio_buffer.committed
event: input_audio_buffer.speech_stopped
event: input_audio_buffer.committed
event: ping
event: ping
event: ping
event: ping
event: ping
event: ping
event: ping
event: ping
event: ping
event: ping
event: ping
event: ping
event: ping
event: ping
event: ping
event: ping
event: ping
event: ping
event: ping
event: ping
event: ping
event: ping
event: ping
event: ping
event: ping
event: ping
event: ping
event: ping
event: ping
event: ping
event: ping
event: ping
event: ping
event: ping
event: ping
event: ping
event: ping
event: ping
event: ping
event: ping
event: ping
event: ping
event: ping
event: ping
event: ping
event: ping
event: ping
event: ping
event: ping
event: ping
event: ping
event: session.created
event: conversation.created
event: ping
event: session.created
event: conversation.created
event: ping
event: session.updated
event: session.updated
event: input_audio_buffer.speech_started
event: input_audio_buffer.speech_started
event: input_audio_buffer.speech_stopped
event: input_audio_buffer.committed
event: session.created
event: conversation.created
event: ping
event: session.updated
event: response.created
event: input_audio_buffer.speech_started
event: input_audio_buffer.speech_stopped
event: input_audio_buffer.committed
event: input_audio_buffer.speech_stopped
event: input_audio_buffer.committed
event: conversation.item.added
event: conversation.item.input_audio_transcription.completed
event: response.output_item.added
event: conversation.item.added
event: response.content_part.added
event: response.output_audio.delta
event: response.output_audio_transcript.delta
event: response.output_audio.delta
event: response.output_audio.delta
event: response.output_audio.delta
event: response.output_audio_transcript.done
event: response.content_part.done
event: response.output_audio.done
event: response.output_item.done
event: response.done
event: session.created
event: conversation.created
event: ping
event: session.updated
event: input_audio_buffer.speech_started
event: input_audio_buffer.speech_stopped
event: input_audio_buffer.committed
event: ping
event: ping
event: ping
event: ping
event: ping
event: ping
event: ping
event: ping
event: ping
event: ping
event: ping
event: ping
event: ping
event: ping
event: ping
event: ping
event: ping
event: ping
event: ping
event: ping
event: ping
event: ping
event: ping
event: ping
event: ping
event: ping
event: ping
event: ping
event: ping
event: ping
event: ping
event: ping
event: ping
event: ping
event: ping
event: ping
event: ping
event: ping
event: ping
event: ping
event: ping
event: ping
event: ping
event: ping
event: ping
event: ping
event: ping
event: ping
event: ping
event: ping
event: ping
event: session.created
event: conversation.created
event: ping
event: session.created
event: conversation.created
event: ping
event: session.updated
event: session.updated
event: input_audio_buffer.speech_started
event: input_audio_buffer.speech_started
event: input_audio_buffer.speech_stopped
event: input_audio_buffer.committed
event: input_audio_buffer.speech_stopped
event: input_audio_buffer.committed
event: session.created
event: conversation.created
event: ping
event: session.updated
event: input_audio_buffer.speech_started
event: input_audio_buffer.speech_stopped
event: input_audio_buffer.committed
event: ping
event: ping
event: ping
event: ping
event: ping
event: ping
event: ping
event: ping
event: ping
event: ping
event: ping
event: ping
event: ping
event: ping
event: ping
event: ping
event: ping
event: ping
event: ping
event: ping
event: ping
event: ping
event: ping
event: ping
event: ping
event: ping
event: ping
event: ping
event: ping
event: ping
event: ping
event: ping
event: ping
event: ping
event: ping
event: ping
event: ping
event: ping
event: ping
event: ping
event: ping
event: ping
event: ping
event: ping
event: ping
event: ping
event: ping
event: ping
event: ping
event: ping
event: ping
event: session.created
event: conversation.created
event: ping
event: session.created
event: conversation.created
event: ping
event: session.updated
event: session.updated
event: input_audio_buffer.speech_started
event: input_audio_buffer.speech_started
event: input_audio_buffer.speech_stopped
event: input_audio_buffer.committed
event: input_audio_buffer.speech_stopped
event: input_audio_buffer.committed
event: session.created
event: conversation.created
event: ping
event: session.updated
event: input_audio_buffer.speech_started
event: input_audio_buffer.speech_stopped
event: input_audio_buffer.committed
event: ping
event: ping
event: ping
event: ping
event: ping
event: ping
event: ping
event: ping
event: ping
event: ping
event: ping
event: ping
event: ping
event: ping
event: ping
event: ping
event: ping
event: ping
event: ping
event: ping
event: ping
event: ping
event: ping
event: ping
event: ping
event: ping
event: ping
event: ping
event: ping
event: ping
event: ping
event: ping
event: ping
event: ping
event: ping
event: ping
event: ping
event: ping
event: ping
event: ping
event: ping
event: ping
event: ping
event: ping
event: ping
event: ping
event: ping
event: ping
event: ping
event: ping
event: ping
event: session.created
event: conversation.created
event: ping
event: session.created
event: conversation.created
event: ping
event: session.updated
event: session.updated
event: input_audio_buffer.speech_started
event: input_audio_buffer.speech_started
event: input_audio_buffer.speech_stopped
event: input_audio_buffer.committed
event: input_audio_buffer.speech_stopped
event: input_audio_buffer.committed
event: session.created
event: conversation.created
event: ping
event: session.updated
event: input_audio_buffer.speech_started
event: input_audio_buffer.speech_stopped
event: input_audio_buffer.committed
event: ping
event: ping
event: ping
event: ping
event: ping
event: ping
event: ping
event: ping
event: ping
event: ping
event: ping
event: ping
event: ping
event: ping
event: ping
event: ping
event: ping
event: ping
event: ping
event: ping
event: ping
event: ping
event: ping
event: ping
event: ping
event: 