45 pair(s) → 90 clips
[1/45] family_gasp_grunt_001  voice IKne3meq5aSn9XLyUdCD
    v1 [gasp]      gasp-5.mp3       → prompt 12.654s
    v2 [grunt]     grunt-10.MP3     → prompt 12.35s
[2/45] family_gasp_laughter_001  voice IKne3meq5aSn9XLyUdCD
    v1 [gasp]      gasp-9.mp3       → prompt 16.39s
    v2 [laughter]  laughter-7.MP3   → prompt 18.262s
[3/45] family_gasp_sigh_001  voice IKne3meq5aSn9XLyUdCD
    v1 [gasp]      gasp-18.MP3      → prompt 15.984s
    v2 [sigh]      sigh-7.MP3       → prompt 17.395s
[4/45] family_gasp_sob_001  voice IKne3meq5aSn9XLyUdCD
    v1 [gasp]      gasp-2.mp3       → prompt 19.35s
    v2 [sob]       sob-15.MP3       → prompt 20.982s
[5/45] family_gasp_yawn_001  voice C3x1TEM7scV4p2AXJyrp
    v1 [gasp]      gasp-11.MP3      → prompt 15.668s
    v2 [yawn]      yawn-18.MP3      → prompt 17.496s
[6/45] family_grunt_laughter_001  voice r1KmysJdVYZjJCm4mL3b
    v1 [grunt]     grunt-8.MP3      → prompt 13.741s
    v2 [laughter]  laughter-12.MP3  → prompt 15.413s
[7/45] family_grunt_sigh_001  voice C3x1TEM7scV4p2AXJyrp
    v1 [grunt]     grunt-9.MP3      → prompt 18.458s
    v2 [sigh]      sigh-17.MP3      → prompt 19.346s
[8/45] family_grunt_sob_001  voice C3x1TEM7scV4p2AXJyrp
    v1 [grunt]     grunt-7.mp3      → prompt 15.645s
    v2 [sob]       sob-13.MP3       → prompt 17.395s
[9/45] family_grunt_yawn_001  voice IKne3meq5aSn9XLyUdCD
    v1 [grunt]     grunt-12.MP3     → prompt 16.119s
    v2 [yawn]      yawn-11.MP3      → prompt 17.66s
[10/45] family_laughter_sigh_001  voice C3x1TEM7scV4p2AXJyrp
    v1 [laughter]  laughter-3.mp3   → prompt 23.232s
    v2 [sigh]      sigh-9.mp3       → prompt 20.045s
[11/45] family_laughter_sob_001  voice C3x1TEM7scV4p2AXJyrp
    v1 [laughter]  laughter-10.MP3  → prompt 18.144s
    v2 [sob]       sob-5.MP3        → prompt 20.365s
[12/45] family_laughter_yawn_001  voice IKne3meq5aSn9XLyUdCD
    v1 [laughter]  laughter-16.mp3  → prompt 20.094s
    v2 [yawn]      yawn-16.mp3      → prompt 20.709s
[13/45] family_sigh_sob_001  voice C3x1TEM7scV4p2AXJyrp
    v1 [sigh]      sigh-16.MP3      → prompt 16.028s
    v2 [sob]       sob-18.MP3       → prompt 22.794s
[14/45] family_sigh_yawn_001  voice C3x1TEM7scV4p2AXJyrp
    v1 [sigh]      sigh-13.mp3      → prompt 19.286s
    v2 [yawn]      yawn-1.MP3       → prompt 20.022s
[15/45] family_sob_yawn_001  voice C3x1TEM7scV4p2AXJyrp
    v1 [sob]       sob-1.MP3        → prompt 14.583s
    v2 [yawn]      yawn-12.MP3      → prompt 13.669s
[16/45] school_gasp_grunt_001  voice C3x1TEM7scV4p2AXJyrp
    v1 [gasp]      gasp-16.MP3      → prompt 16.701s
    v2 [grunt]     grunt-11.MP3     → prompt 17.014s
[17/45] school_gasp_laughter_001  voice C3x1TEM7scV4p2AXJyrp
    v1 [gasp]      gasp-3.mp3       → prompt 20.766s
    v2 [laughter]  laughter-17.MP3  → prompt 21.199s
[18/45] school_gasp_sigh_001  voice r1KmysJdVYZjJCm4mL3b
    v1 [gasp]      gasp-15.MP3      → prompt 15.739s
    v2 [sigh]      sigh-6.MP3       → prompt 16.497s
[19/45] school_gasp_sob_001  voice r1KmysJdVYZjJCm4mL3b
    v1 [gasp]      gasp-13.mp3      → prompt 12.958s
    v2 [sob]       sob-6.MP3        → prompt 19.086s
[20/45] school_gasp_yawn_001  voice r1KmysJdVYZjJCm4mL3b
    v1 [gasp]      gasp-14.mp3      → prompt 18.454s
    v2 [yawn]      yawn-9.mp3       → prompt 23.034s
[21/45] school_grunt_laughter_001  voice r1KmysJdVYZjJCm4mL3b
    v1 [grunt]     grunt-6.MP3      → prompt 16.399s
    v2 [laughter]  laughter-4.MP3   → prompt 17.653s
[22/45] school_grunt_sigh_001  voice r1KmysJdVYZjJCm4mL3b
    v1 [grunt]     grunt-14.mp3     → prompt 18.247s
    v2 [sigh]      sigh-15.MP3      → prompt 18.743s
[23/45] school_grunt_sob_001  voice C3x1TEM7scV4p2AXJyrp
    v1 [grunt]     grunt-2.MP3      → prompt 17.233s
    v2 [sob]       sob-11.MP3       → prompt 20.681s
[24/45] school_grunt_yawn_001  voice IKne3meq5aSn9XLyUdCD
    v1 [grunt]     grunt-4.MP3      → prompt 21.37s
    v2 [yawn]      yawn-17.MP3      → prompt 21.109s
[25/45] school_laughter_sigh_001  voice C3x1TEM7scV4p2AXJyrp
    v1 [laughter]  laughter-11.mp3  → prompt 14.827s
    v2 [sigh]      sigh-4.MP3       → prompt 14.513s
[26/45] school_laughter_sob_001  voice IKne3meq5aSn9XLyUdCD
    v1 [laughter]  laughter-8.MP3   → prompt 21.557s
    v2 [sob]       sob-16.MP3       → prompt 20.486s
[27/45] school_laughter_yawn_001  voice C3x1TEM7scV4p2AXJyrp
    v1 [laughter]  laughter-9.MP3   → prompt 17.857s
    v2 [yawn]      yawn-7.MP3       → prompt 17.099s
[28/45] school_sigh_sob_001  voice IKne3meq5aSn9XLyUdCD
    v1 [sigh]      sigh-3.MP3       → prompt 15.558s
    v2 [sob]       sob-12.MP3       → prompt 17.099s
[29/45] school_sigh_yawn_001  voice C3x1TEM7scV4p2AXJyrp
    v1 [sigh]      sigh-2.MP3       → prompt 16.157s
    v2 [yawn]      yawn-3.mp3       → prompt 16.706s
[30/45] school_sob_yawn_001  voice C3x1TEM7scV4p2AXJyrp
    v1 [sob]       sob-2.MP3        → prompt 16.721s
    v2 [yawn]      yawn-2.mp3       → prompt 15.127s
[31/45] work_gasp_grunt_001  voice r1KmysJdVYZjJCm4mL3b
    v1 [gasp]      gasp-17.MP3      → prompt 11.308s
    v2 [grunt]     grunt-15.MP3     → prompt 11.152s
[32/45] work_gasp_laughter_001  voice r1KmysJdVYZjJCm4mL3b
    v1 [gasp]      gasp-6.mp3       → prompt 15.527s
    v2 [laughter]  laughter-18.MP3  → prompt 15.658s
[33/45] work_gasp_sigh_001  voice IKne3meq5aSn9XLyUdCD
    v1 [gasp]      gasp-1.mp3       → prompt 14.306s
    v2 [sigh]      sigh-10.MP3      → prompt 15.272s
[34/45] work_gasp_sob_001  voice C3x1TEM7scV4p2AXJyrp
    v1 [gasp]      gasp-12.mp3      → prompt 16.758s
    v2 [sob]       sob-17.MP3       → prompt 18.33s
[35/45] work_gasp_yawn_001  voice r1KmysJdVYZjJCm4mL3b
    v1 [gasp]      gasp-10.MP3      → prompt 13.821s
    v2 [yawn]      yawn-6.MP3       → prompt 16.407s
[36/45] work_grunt_laughter_001  voice C3x1TEM7scV4p2AXJyrp
    v1 [grunt]     grunt-3.MP3      → prompt 19.129s
    v2 [laughter]  laughter-2.mp3   → prompt 18.822s
[37/45] work_grunt_sigh_001  voice r1KmysJdVYZjJCm4mL3b
    v1 [grunt]     grunt-13.MP3     → prompt 15.475s
    v2 [sigh]      sigh-5.MP3       → prompt 15.893s
[38/45] work_grunt_sob_001  voice C3x1TEM7scV4p2AXJyrp
    v1 [grunt]     grunt-5.MP3      → prompt 21.491s
    v2 [sob]       sob-7.MP3        → prompt 22.641s
[39/45] work_grunt_yawn_001  voice IKne3meq5aSn9XLyUdCD
    v1 [grunt]     grunt-16.MP3     → prompt 13.41s
    v2 [yawn]      yawn-15.mp3      → prompt 16.83s
[40/45] work_laughter_sigh_001  voice C3x1TEM7scV4p2AXJyrp
    v1 [laughter]  laughter-6.MP3   → prompt 18.94s
    v2 [sigh]      sigh-8.MP3       → prompt 17.869s
[41/45] work_laughter_sob_001  voice IKne3meq5aSn9XLyUdCD
    v1 [laughter]  laughter-1.mp3   → prompt 17.534s
    v2 [sob]       sob-3.MP3        → prompt 22.748s
[42/45] work_laughter_yawn_001  voice C3x1TEM7scV4p2AXJyrp
    v1 [laughter]  laughter-13.MP3  → prompt 16.27s
    v2 [yawn]      yawn-4.mp3       → prompt 21.606s
[43/45] work_sigh_sob_001  voice C3x1TEM7scV4p2AXJyrp
    v1 [sigh]      sigh-12.MP3      → prompt 13.893s
    v2 [sob]       sob-14.MP3       → prompt 17.707s
[44/45] work_sigh_yawn_001  voice r1KmysJdVYZjJCm4mL3b
    v1 [sigh]      sigh-1.MP3       → prompt 19.269s
    v2 [yawn]      yawn-14.mp3      → prompt 20.598s
[45/45] work_sob_yawn_001  voice r1KmysJdVYZjJCm4mL3b
    v1 [sob]       sob-4.MP3        → prompt 19.468s
    v2 [yawn]      yawn-5.mp3       → prompt 17.206s

wrote 90 prompt clips to /Users/ninachen/Documents/github/eigenlab/non-speech-pairing/predicting_response/out/themes/audio_prompt
manifest: /Users/ninachen/Documents/github/eigenlab/non-speech-pairing/predicting_response/out/themes/audio_manifest.json
  gasp      15/18 used
  grunt     15/15 used
  laughter  15/18 used
  sigh      15/18 used
  sob       15/18 used
  yawn      15/18 used
