14 pair(s) → 28 clips
[1/14] gasp_grunt_001
    v1 [gasp]      gasp-4.MP3       → prompt 16.678s  full 24.388s
    v2 [grunt]     grunt-7.mp3      → prompt 16.365s  full 20.955s
[2/14] gasp_laughter_001
    v1 [gasp]      gasp-6.mp3       → prompt 18.647s  full 22.837s
    v2 [laughter]  laughter-10.MP3  → prompt 19.744s  full 24.494s
[3/14] gasp_sigh_001
    v1 [gasp]      gasp-17.MP3      → prompt 14.908s  full 19.338s
    v2 [sigh]      sigh-8.MP3       → prompt 14.908s  full 19.738s
[4/14] gasp_yawn_001
    v1 [gasp]      gasp-16.MP3      → prompt 15.981s  full 19.291s
    v2 [yawn]      yawn-4.mp3       → prompt 22.806s  full 27.636s
[5/14] grunt_laughter_001
    v1 [grunt]     grunt-8.MP3      → prompt 15.821s  full 20.731s
    v2 [laughter]  laughter-2.mp3   → prompt 16.742s  full 22.372s
[6/14] grunt_sigh_001
    v1 [grunt]     grunt-2.MP3      → prompt 15.873s  full 21.903s
    v2 [sigh]      sigh-3.MP3       → prompt 15.638s  full 20.548s
[7/14] grunt_sob_001
    v1 [grunt]     grunt-5.MP3      → prompt 18.691s  full 24.561s
    v2 [sob]       sob-15.MP3       → prompt 18.822s  full 23.652s
[8/14] grunt_yawn_001
    v1 [grunt]     grunt-4.MP3      → prompt 16.01s  full 20.52s
    v2 [yawn]      yawn-13.MP3      → prompt 15.096s  full 22.726s
[9/14] laughter_sigh_001
    v1 [laughter]  laughter-3.mp3   → prompt 20.192s  full 26.302s
    v2 [sigh]      sigh-13.mp3      → prompt 16.086s  full 22.116s
[10/14] laughter_sob_001
    v1 [laughter]  laughter-7.MP3   → prompt 24.982s  full 30.692s
    v2 [sob]       sob-12.MP3       → prompt 24.459s  full 28.729s
[11/14] laughter_yawn_001
    v1 [laughter]  laughter-4.MP3   → prompt 19.573s  full 23.523s
    v2 [yawn]      yawn-18.MP3      → prompt 19.416s  full 23.686s
[12/14] sigh_sob_001
    v1 [sigh]      sigh-9.mp3       → prompt 17.165s  full 22.875s
    v2 [sob]       sob-14.MP3       → prompt 20.587s  full 26.857s
[13/14] sigh_yawn_001
    v1 [sigh]      sigh-14.MP3      → prompt 16.993s  full 23.183s
    v2 [yawn]      yawn-10.mp3      → prompt 17.094s  full 24.644s
[14/14] sob_yawn_001
    v1 [sob]       sob-6.MP3        → prompt 24.126s  full 29.116s
    v2 [yawn]      yawn-11.MP3      → prompt 19.659s  full 24.569s

wrote 28 prompt clips to /Users/ninachen/Documents/github/eigenlab/non-speech-pairing/predicting_response/out/audio_prompt
       28 full clips to /Users/ninachen/Documents/github/eigenlab/non-speech-pairing/predicting_response/out/audio_full
manifest: /Users/ninachen/Documents/github/eigenlab/non-speech-pairing/predicting_response/out/audio_manifest.json
  gasp      4/18 used
  grunt     5/15 used
  laughter  5/18 used
  sigh      5/18 used
  sob       4/18 used
  yawn      5/18 used
