  v6_01a · ok
  v6_01b · ok
  v6_02a · ok
  v6_02b · ok
  v6_03a · ok
  v6_03b · ok
  v6_04a · ok
  v6_04b · ok
  v6_05a · ok
  v6_05b · ok
  v6_06a · ok
  v6_06b · ok
  v6_07a · ok
  v6_07b · ok
  v6_08a · ok
  v6_08b · ok
  v6_09a · ok
  v6_09b · ok
  v6_10a · ok · flagged ['condition_b'] · Condition B is difficult to distinguish because a scream after a foot 
  v6_10b · ok · flagged ['condition_b'] · Condition B is ambiguous because a scream immediately after a slipped 
wrote v6/out/eval/rubrics/pragmatic_options.json · 20 item(s)
write-pragmatic: planned 20  completed 20  skipped 0  failed 0  invalid 0
