45 trial(s) · model gpt-realtime-2.1 · audio out · voice marin
[1/45] gasp_grunt_001_v1          (gasp)
    B: That’s incredible—26 miles is no joke. Are you feeling triumphant, exhausted, or both?
[2/45] gasp_grunt_001_v2          (grunt)
    B: Whoa, that's huge! How are you feeling—like proud, sore, or both?
[3/45] gasp_laughter_001_v1       (gasp)
    B: Oh wow, that’s a bold accidental send. Are you okay, or do we need to start drafting a follow-up apology?
[4/45] gasp_laughter_001_v2       (laughter)
    B: Oh wow, that’s a dramatic way to make an announcement. If it helps, you can send a follow-up clarifying it was a mistake and outline the actual
[5/45] gasp_sigh_001_v1           (gasp)
    B: Wait, seriously? After all the setup and vendors committing, how are we supposed to handle this now?
[6/45] gasp_sigh_001_v2           (sigh)
    B: Wow. That’s… a lot to drop on everyone right before opening. Are they offering any kind of backup plan or support?
[7/45] gasp_sob_001_v1            (gasp)
    B: Oh wow, okay. I’m relieved it worked, even if she has to stay overnight—please keep me posted.
[8/45] gasp_sob_001_v2            (sob)
    B: Oh, wow... okay. I know that sounds scary, but it’s actually a good sign it worked—they just want to be careful and keep an eye on her tonight. We can handle this, one step at a time.
[9/45] gasp_yawn_001_v1           (gasp)
    B: No way, that’s incredible. I’m setting an alarm and bringing coffee—no chance I’m missing that.
[10/45] gasp_yawn_001_v2           (yawn)
    B: Wow, that’s early, but it sounds incredible. I’m in—coffee first, then cosmic wonders.
[11/45] grunt_laughter_001_v1      (grunt)
    B: That sounds awesome. I’m so in—what time are we meeting?
[12/45] grunt_laughter_001_v2      (laughter)
    B: That sounds awesome. I'm already imagining us dramatically failing at a puzzle and pretending it was all part of the plan.
[13/45] grunt_sigh_001_v1          (grunt)
    B: Okay, that’s a relief. I was bracing for a whole mess of paperwork and bad news.
[14/45] grunt_sigh_001_v2          (sigh)
    B: That’s such a relief. I was already bracing for a long, expensive mess.
[15/45] grunt_sob_001_v1           (grunt)
    B: Whoa, that’s a whole time capsule. Are you going to watch it straight through, or skip around for the highlights?
[16/45] grunt_sob_001_v2           (sob)
    B: Whoa. That’s a time capsule. Are you going to watch it all straight through, or break it into little memory-night marathons?
[17/45] grunt_yawn_001_v1          (grunt)
    B: Nice, that makes tonight a lot easier. Send it over and I’ll skim it first, then we can walk through anything that looks risky.
[18/45] grunt_yawn_001_v2          (yawn)
    B: Okay, thanks for putting that together. I can review it after dinner, but I might need a coffee if it’s really detailed.
[19/45] laughter_sigh_001_v1       (laughter)
    B: That sounds bad—can you reach the faucet handle to shut it off, or is it stuck open?
[20/45] laughter_sigh_001_v2       (sigh)
    B: Okay, that sounds like it got a little out of hand. Try turning off the water supply under the sink, and if that doesn’t stop it, we should call a plumber.
[21/45] laughter_sob_001_v1        (laughter)
    B: Oh wow, I can picture it already. That was so him—sweet, sincere, and then completely goofy two seconds later.
[22/45] laughter_sob_001_v2        (sob)
    B: He really went all in on that dance. I miss him, but it makes me smile seeing him so happy.
[23/45] laughter_yawn_001_v1       (laughter)
    B: No way, that’s perfect. I’m so in—do we still remember the ridiculous chant we used to do?
[24/45] laughter_yawn_001_v2       (yawn)
    B: Okay, that actually sounds kind of perfect. I’ll grab coffee first so I don’t sleep through the best worst parts.
[25/45] sigh_sob_001_v1            (sigh)
    B: That’s a big step. How are you feeling about it now that it’s actually happening?
[26/45] sigh_sob_001_v2            (sob)
    B: Oh wow. That’s a big moment. I’m really glad you told me—how are you holding up?
[27/45] sigh_yawn_001_v1           (sigh)
    B: Wow, that’s dedication. Could you give me the quick version too, like the key steps you took?
[28/45] sigh_yawn_001_v2           (yawn)
    B: Wow, two hours is a lot. Could you give me the short version, like the key steps and what actually fixed it?
[29/45] sob_yawn_001_v1            (sob)
    B: Wow, that’s incredible. I can’t wait to see everyone react when it starts playing.
[30/45] sob_yawn_001_v2            (yawn)
    B: Three hours? Wow, that’s ambitious. I can’t wait to see how you stitched his stories together.
[31/45] gasp_grunt_001_control     (no reaction)
    B: Okay, I’m not sure what you said right before this, but I’m listening. What’s going on?
[32/45] gasp_laughter_001_control  (no reaction)
    B: I’m not sure what you just said before this—could you repeat it? Then I’ll jump in.
[33/45] gasp_sigh_001_control      (no reaction)
    B: Okay... I’m not sure what you mean yet. Can you say that again or give me a little more detail?
[34/45] gasp_sob_001_control       (no reaction)
    B: Okay, but I didn’t hear what you said. Could you repeat that so I can actually respond?
[35/45] gasp_yawn_001_control      (no reaction)
    B: Sorry, I didn’t catch that—could you repeat it? I want to make sure I respond properly.
[36/45] grunt_laughter_001_control (no reaction)
    B: I didn’t catch what Speaker A said. Could you play their line first so I can respond naturally?
[37/45] grunt_sigh_001_control     (no reaction)
    B: I’m missing what Speaker A said. Could you share their line so I can respond naturally?
[38/45] grunt_sob_001_control      (no reaction)
    B: Okay, I’m here—what are we talking about? If you’ve got a plan, I’m all ears.
[39/45] grunt_yawn_001_control     (no reaction)
    B: Okay, I’m listening. What were you saying before, or do you want me to jump in with a quick thought?
[40/45] laughter_sigh_001_control  (no reaction)
    B: Sorry, I didn’t catch that. Could you say it again, or maybe give me a bit more detail?
[41/45] laughter_sob_001_control   (no reaction)
    B: Okay, I’m not sure what I’m responding to yet—what did you just say?
[42/45] laughter_yawn_001_control  (no reaction)
    B: I’m not sure what you mean yet—can you repeat that or give me a little more detail? I want to make sure I respond properly.
[43/45] sigh_sob_001_control       (no reaction)
    B: Sorry, I didn’t catch what you said. Could you repeat your line so I can respond properly?
[44/45] sigh_yawn_001_control      (no reaction)
    B: I didn’t catch what Speaker A said—could you repeat their line? Then I’ll respond as B.
[45/45] sob_yawn_001_control       (no reaction)
    B: Sorry, I didn’t catch that. Could you repeat what you said?

collected 45/45 free-form replies
wrote /Users/ninachen/Documents/github/eigenlab/non-speech-pairing/predicting_response_upgraded/freeform/out/responses.json
next: python predicting_response_upgraded/freeform/judge.py
