carrying clip counts from /Users/ninachen/Documents/github/eigenlab/non-speech-pairing/predicting_response_upgraded/out/audio_manifest.json
15 pair(s) -> 2 clips each  ·  voices: male=7, female=8
[1/15] gasp_grunt_001  voice male
    v1 gasp      gasp-15.MP3      -> 4.75s
    v2 grunt     grunt-3.MP3      -> 5.9s
[2/15] gasp_laughter_001  voice male
    v1 gasp      gasp-16.MP3      -> 7.07s
    v2 laughter  laughter-3.mp3   -> 11.04s
[3/15] gasp_sigh_001  voice male
    v1 gasp      gasp-8.mp3       -> 4.89s
    v2 sigh      sigh-13.mp3      -> 5.18s
[4/15] gasp_sob_001  voice female
    v1 gasp      gasp-5.mp3       -> 6.78s
    v2 sob       sob-18.MP3       -> 13.32s
[5/15] gasp_yawn_001  voice female
    v1 gasp      gasp-4.MP3       -> 8.01s
    v2 yawn      yawn-3.mp3       -> 9.24s
[6/15] grunt_laughter_001  voice female
    v1 grunt     grunt-15.MP3     -> 4.16s
    v2 laughter  laughter-10.MP3  -> 5.15s
[7/15] grunt_sigh_001  voice male
    v1 grunt     grunt-10.MP3     -> 5.44s
    v2 sigh      sigh-10.MP3      -> 5.96s
[8/15] grunt_sob_001  voice male
    v1 grunt     grunt-5.MP3      -> 8.66s
    v2 sob       sob-17.MP3       -> 8.06s
[9/15] grunt_yawn_001  voice female
    v1 grunt     grunt-7.mp3      -> 7.69s
    v2 yawn      yawn-6.MP3       -> 10.78s
[10/15] laughter_sigh_001  voice female
    v1 laughter  laughter-9.MP3   -> 8.95s
    v2 sigh      sigh-1.MP3       -> 7.72s
[11/15] laughter_sob_001  voice female
    v1 laughter  laughter-8.MP3   -> 12.57s
    v2 sob       sob-4.MP3        -> 12.96s
[12/15] laughter_yawn_001  voice male
    v1 laughter  laughter-17.MP3  -> 6.13s
    v2 yawn      yawn-15.mp3      -> 9.68s
[13/15] sigh_sob_001  voice male
    v1 sigh      sigh-2.MP3       -> 6.77s
    v2 sob       sob-11.MP3       -> 9.77s
[14/15] sigh_yawn_001  voice female
    v1 sigh      sigh-17.MP3      -> 10.04s
    v2 yawn      yawn-9.mp3       -> 13.48s
[15/15] sob_yawn_001  voice female
    v1 sob       sob-15.MP3       -> 8.71s
    v2 yawn      yawn-16.mp3      -> 7.72s

wrote 30 clips to /Users/ninachen/Documents/github/eigenlab/non-speech-pairing/predicting_response_upgraded/out/audio_prompt
manifest: /Users/ninachen/Documents/github/eigenlab/non-speech-pairing/predicting_response_upgraded/out/audio_manifest.json
  gasp      10/18 used
  grunt     10/15 used
  laughter  10/18 used
  sigh      10/18 used
  sob       10/18 used
  yawn      10/18 used
